Archive member included to satisfy reference by file (symbol)

/usr/lib/gcc/arm-none-eabi/12.2.1/thumb/v6-m/nofp/libgcc.a(_dvmd_tls.o)
                              CMakeFiles/pico-keypad.dir/Pico/pico-sdk/src/rp2_common/pico_divider/divider.S.obj (__aeabi_idiv0)
/usr/lib/gcc/arm-none-eabi/12.2.1/../../../arm-none-eabi/lib/thumb/v6-m/nofp/libc.a(lib_a-atexit.o)
                              /usr/lib/gcc/arm-none-eabi/12.2.1/../../../arm-none-eabi/lib/thumb/v6-m/nofp/crt0.o (atexit)
/usr/lib/gcc/arm-none-eabi/12.2.1/../../../arm-none-eabi/lib/thumb/v6-m/nofp/libc.a(lib_a-calloc.o)
                              CMakeFiles/pico-keypad.dir/Pico/pico-sdk/src/rp2_common/pico_malloc/pico_malloc.c.obj (calloc)
/usr/lib/gcc/arm-none-eabi/12.2.1/../../../arm-none-eabi/lib/thumb/v6-m/nofp/libc.a(lib_a-callocr.o)
                              /usr/lib/gcc/arm-none-eabi/12.2.1/../../../arm-none-eabi/lib/thumb/v6-m/nofp/libc.a(lib_a-calloc.o) (_calloc_r)
/usr/lib/gcc/arm-none-eabi/12.2.1/../../../arm-none-eabi/lib/thumb/v6-m/nofp/libc.a(lib_a-fini.o)
                              /usr/lib/gcc/arm-none-eabi/12.2.1/../../../arm-none-eabi/lib/thumb/v6-m/nofp/crt0.o (__libc_fini_array)
/usr/lib/gcc/arm-none-eabi/12.2.1/../../../arm-none-eabi/lib/thumb/v6-m/nofp/libc.a(lib_a-impure.o)
                              /usr/lib/gcc/arm-none-eabi/12.2.1/../../../arm-none-eabi/lib/thumb/v6-m/nofp/libc.a(lib_a-calloc.o) (_impure_ptr)
/usr/lib/gcc/arm-none-eabi/12.2.1/../../../arm-none-eabi/lib/thumb/v6-m/nofp/libc.a(lib_a-init.o)
                              /usr/lib/gcc/arm-none-eabi/12.2.1/../../../arm-none-eabi/lib/thumb/v6-m/nofp/crt0.o (__libc_init_array)
/usr/lib/gcc/arm-none-eabi/12.2.1/../../../arm-none-eabi/lib/thumb/v6-m/nofp/libc.a(lib_a-malloc.o)
                              CMakeFiles/pico-keypad.dir/Pico/pico-sdk/src/rp2_common/pico_malloc/pico_malloc.c.obj (malloc)
/usr/lib/gcc/arm-none-eabi/12.2.1/../../../arm-none-eabi/lib/thumb/v6-m/nofp/libc.a(lib_a-mallocr.o)
                              /usr/lib/gcc/arm-none-eabi/12.2.1/../../../arm-none-eabi/lib/thumb/v6-m/nofp/libc.a(lib_a-callocr.o) (_malloc_r)
/usr/lib/gcc/arm-none-eabi/12.2.1/../../../arm-none-eabi/lib/thumb/v6-m/nofp/libc.a(lib_a-mlock.o)
                              /usr/lib/gcc/arm-none-eabi/12.2.1/../../../arm-none-eabi/lib/thumb/v6-m/nofp/libc.a(lib_a-mallocr.o) (__malloc_lock)
/usr/lib/gcc/arm-none-eabi/12.2.1/../../../arm-none-eabi/lib/thumb/v6-m/nofp/libc.a(lib_a-realloc.o)
                              CMakeFiles/pico-keypad.dir/Pico/pico-sdk/src/rp2_common/pico_malloc/pico_malloc.c.obj (realloc)
/usr/lib/gcc/arm-none-eabi/12.2.1/../../../arm-none-eabi/lib/thumb/v6-m/nofp/libc.a(lib_a-reallocr.o)
                              /usr/lib/gcc/arm-none-eabi/12.2.1/../../../arm-none-eabi/lib/thumb/v6-m/nofp/libc.a(lib_a-realloc.o) (_realloc_r)
/usr/lib/gcc/arm-none-eabi/12.2.1/../../../arm-none-eabi/lib/thumb/v6-m/nofp/libc.a(lib_a-sbrkr.o)
                              /usr/lib/gcc/arm-none-eabi/12.2.1/../../../arm-none-eabi/lib/thumb/v6-m/nofp/libc.a(lib_a-mallocr.o) (_sbrk_r)
/usr/lib/gcc/arm-none-eabi/12.2.1/../../../arm-none-eabi/lib/thumb/v6-m/nofp/libc.a(lib_a-strlen-stub.o)
                              CMakeFiles/pico-keypad.dir/src/lib/tinyusb/usb_descriptors.c.obj (strlen)
/usr/lib/gcc/arm-none-eabi/12.2.1/../../../arm-none-eabi/lib/thumb/v6-m/nofp/libc.a(lib_a-__atexit.o)
                              /usr/lib/gcc/arm-none-eabi/12.2.1/../../../arm-none-eabi/lib/thumb/v6-m/nofp/libc.a(lib_a-atexit.o) (__register_exitproc)
/usr/lib/gcc/arm-none-eabi/12.2.1/../../../arm-none-eabi/lib/thumb/v6-m/nofp/libc.a(lib_a-freer.o)
                              /usr/lib/gcc/arm-none-eabi/12.2.1/../../../arm-none-eabi/lib/thumb/v6-m/nofp/libc.a(lib_a-malloc.o) (_free_r)
/usr/lib/gcc/arm-none-eabi/12.2.1/../../../arm-none-eabi/lib/thumb/v6-m/nofp/libc.a(lib_a-memmove.o)
                              /usr/lib/gcc/arm-none-eabi/12.2.1/../../../arm-none-eabi/lib/thumb/v6-m/nofp/libc.a(lib_a-reallocr.o) (memmove)
/usr/lib/gcc/arm-none-eabi/12.2.1/../../../arm-none-eabi/lib/thumb/v6-m/nofp/libc.a(lib_a-reent.o)
                              /usr/lib/gcc/arm-none-eabi/12.2.1/../../../arm-none-eabi/lib/thumb/v6-m/nofp/libc.a(lib_a-sbrkr.o) (errno)

Discarded input sections

 .text          0x00000000        0x0 /usr/lib/gcc/arm-none-eabi/12.2.1/thumb/v6-m/nofp/crti.o
 .data          0x00000000        0x0 /usr/lib/gcc/arm-none-eabi/12.2.1/thumb/v6-m/nofp/crti.o
 .bss           0x00000000        0x0 /usr/lib/gcc/arm-none-eabi/12.2.1/thumb/v6-m/nofp/crti.o
 .data          0x00000000        0x4 /usr/lib/gcc/arm-none-eabi/12.2.1/thumb/v6-m/nofp/crtbegin.o
 .rodata        0x00000000       0x24 /usr/lib/gcc/arm-none-eabi/12.2.1/thumb/v6-m/nofp/crtbegin.o
 .fini_array    0x00000000        0x4 /usr/lib/gcc/arm-none-eabi/12.2.1/thumb/v6-m/nofp/crtbegin.o
[...]
Memory Configuration

Name             Origin             Length             Attributes
FLASH            0x10000000         0x00200000         xr
RAM              0x20000000         0x00040000         xrw
SCRATCH_X        0x20040000         0x00001000         xrw
SCRATCH_Y        0x20041000         0x00001000         xrw
*default*        0x00000000         0xffffffff

Linker script and memory map

LOAD /usr/lib/gcc/arm-none-eabi/12.2.1/thumb/v6-m/nofp/crti.o
LOAD /usr/lib/gcc/arm-none-eabi/12.2.1/thumb/v6-m/nofp/crtbegin.o
LOAD /usr/lib/gcc/arm-none-eabi/12.2.1/../../../arm-none-eabi/lib/thumb/v6-m/nofp/crt0.o

.flash_begin    0x10000000        0x0
                0x10000000                        __flash_binary_start = .

.boot2          0x10000000      0x100
                0x10000000                        __boot2_start__ = .
 *(.boot2)
 .boot2         0x10000000      0x100 /tmp/cc065V63.o
                0x10000100                        __boot2_end__ = .
                0x00000001                        ASSERT (((__boot2_end__ - __boot2_start__) == 0x100), ERROR: Pico second stage bootloader must be 256 bytes in size)

.text           0x10000100     0x4510
                0x10000100                        __logical_binary_start = .
 *(.vectors)
 .vectors       0x10000100       0xd4 CMakeFiles/pico-keypad.dir/Pico/pico-sdk/src/rp2_common/pico_standard_link/crt0.S.obj
                0x10000100                __vectors
                0x10000100                __VECTOR_TABLE
                0x100001c0                isr_invalid
                0x100001c0                __default_isrs_start
                0x100001c2                isr_nmi
                0x100001c4                isr_hardfault
                0x100001c6                isr_svcall
                0x100001c8                isr_pendsv
                0x100001ca                isr_systick
                0x100001cc                isr_irq30
                0x100001cc                __unhandled_user_irq
                0x100001cc                isr_irq13
                0x100001cc                isr_irq27
                0x100001cc                isr_irq31
                0x100001cc                isr_irq5
                0x100001cc                isr_irq11
                0x100001cc                isr_irq23
                0x100001cc                isr_irq18
                0x100001cc                isr_irq28
                0x100001cc                isr_irq19
                0x100001cc                isr_irq0
                0x100001cc                isr_irq6
                0x100001cc                isr_irq22
                0x100001cc                isr_irq17
                0x100001cc                isr_irq14
                0x100001cc                isr_irq2
                0x100001cc                isr_irq10
                0x100001cc                isr_irq8
                0x100001cc                isr_irq24
                0x100001cc                isr_irq1
                0x100001cc                isr_irq7
                0x100001cc                isr_irq21
                0x100001cc                isr_irq20
                0x100001cc                isr_irq15
                0x100001cc                isr_irq25
                0x100001cc                isr_irq4
                0x100001cc                isr_irq16
                0x100001cc                isr_irq29
                0x100001cc                isr_irq26
                0x100001cc                __default_isrs_end
                0x100001cc                isr_irq3
                0x100001cc                isr_irq12
                0x100001cc                isr_irq9
                0x100001d2                unhandled_user_irq_num_in_r0
 *(.binary_info_header)
 .binary_info_header
                0x100001d4       0x14 CMakeFiles/pico-keypad.dir/Pico/pico-sdk/src/rp2_common/pico_standard_link/crt0.S.obj
                0x100001e8                        __binary_info_header_end = .
 *(.reset)
 .reset         0x100001e8       0xa0 CMakeFiles/pico-keypad.dir/Pico/pico-sdk/src/rp2_common/pico_standard_link/crt0.S.obj
                0x100001e8                _entry_point
 .reset         0x10000288       0x30 CMakeFiles/pico-keypad.dir/Pico/pico-sdk/src/rp2_common/pico_standard_link/binary_info.c.obj
 *(.init)
 .init          0x100002b8        0x4 /usr/lib/gcc/arm-none-eabi/12.2.1/thumb/v6-m/nofp/crti.o
                0x100002b8                _init
 *(EXCLUDE_FILE(*libm.a: *libc.a:*lib_a-mem*.o *libgcc.a:) .text*)
 .text          0x100002bc       0x98 /usr/lib/gcc/arm-none-eabi/12.2.1/thumb/v6-m/nofp/crtbegin.o
 .text.keyboard_timer_callback
                0x10000354       0x24 CMakeFiles/pico-keypad.dir/src/pico-keypad.c.obj
                0x10000354                keyboard_timer_callback
 .text.startup.main
                0x10000378       0x38 CMakeFiles/pico-keypad.dir/src/pico-keypad.c.obj
                0x10000378                main
 .text.tud_hid_get_report_cb
                0x100003b0        0x4 CMakeFiles/pico-keypad.dir/src/pico-keypad.c.obj
                0x100003b0                tud_hid_get_report_cb
 .text.tud_hid_set_report_cb
                0x100003b4        0x4 CMakeFiles/pico-keypad.dir/src/pico-keypad.c.obj
                0x100003b4                tud_hid_set_report_cb
 .text.tud_hid_report_complete_cb
                0x100003b8        0x4 CMakeFiles/pico-keypad.dir/src/pico-keypad.c.obj
                0x100003b8                tud_hid_report_complete_cb
 .text.tud_cdc_line_state_cb
                0x100003bc        0x4 CMakeFiles/pico-keypad.dir/src/pico-keypad.c.obj
                0x100003bc                tud_cdc_line_state_cb
 .text.tud_mount_cb
                0x100003c0        0x4 CMakeFiles/pico-keypad.dir/src/pico-keypad.c.obj
                0x100003c0                tud_mount_cb
 .text.tud_suspend_cb
                0x100003c4        0x4 CMakeFiles/pico-keypad.dir/src/pico-keypad.c.obj
                0x100003c4                tud_suspend_cb
 .text.tud_resume_cb
                0x100003c8        0x4 CMakeFiles/pico-keypad.dir/src/pico-keypad.c.obj
                0x100003c8                tud_resume_cb
 .text.tud_descriptor_device_cb
                0x100003cc        0x8 CMakeFiles/pico-keypad.dir/src/lib/tinyusb/usb_descriptors.c.obj
                0x100003cc                tud_descriptor_device_cb
 .text.tud_hid_descriptor_report_cb
                0x100003d4        0x8 CMakeFiles/pico-keypad.dir/src/lib/tinyusb/usb_descriptors.c.obj
                0x100003d4                tud_hid_descriptor_report_cb
 .text.tud_descriptor_configuration_cb
                0x100003dc        0x8 CMakeFiles/pico-keypad.dir/src/lib/tinyusb/usb_descriptors.c.obj
                0x100003dc                tud_descriptor_configuration_cb
 .text.tud_descriptor_string_cb
                0x100003e4       0x7c CMakeFiles/pico-keypad.dir/src/lib/tinyusb/usb_descriptors.c.obj
                0x100003e4                tud_descriptor_string_cb
 .text.keys_init
                0x10000460       0x68 CMakeFiles/pico-keypad.dir/src/Keys/Keys.c.obj
                0x10000460                keys_init
 .text.scan_keypad_row
                0x100004c8       0xa8 CMakeFiles/pico-keypad.dir/src/Keys/Keys.c.obj
                0x100004c8                scan_keypad_row
 .text.send_keyboard_report
                0x10000570      0x118 CMakeFiles/pico-keypad.dir/src/Keys/Keys.c.obj
                0x10000570                send_keyboard_report
 .text.gpio_set_pulls
                0x10000688       0x24 CMakeFiles/pico-keypad.dir/Pico/pico-sdk/src/rp2_common/hardware_gpio/gpio.c.obj
                0x10000688                gpio_set_pulls
 .text.gpio_init
                0x100006ac       0x3c CMakeFiles/pico-keypad.dir/Pico/pico-sdk/src/rp2_common/hardware_gpio/gpio.c.obj
                0x100006ac                gpio_init
 .text.running_on_fpga
                0x100006e8       0x10 CMakeFiles/pico-keypad.dir/Pico/pico-sdk/src/rp2_common/pico_platform/platform.c.obj
                0x100006e8                running_on_fpga
 .text.hw_claim_or_assert
                0x100006f8       0x44 CMakeFiles/pico-keypad.dir/Pico/pico-sdk/src/rp2_common/hardware_claim/claim.c.obj
                0x100006f8                hw_claim_or_assert
 .text.hw_claim_unused_from_range
                0x1000073c       0x9c CMakeFiles/pico-keypad.dir/Pico/pico-sdk/src/rp2_common/hardware_claim/claim.c.obj
                0x1000073c                hw_claim_unused_from_range
 .text.spin_locks_reset
                0x100007d8       0x1c CMakeFiles/pico-keypad.dir/Pico/pico-sdk/src/rp2_common/hardware_sync/sync.c.obj
                0x100007d8                spin_locks_reset
 .text.next_striped_spin_lock_num
                0x100007f4       0x18 CMakeFiles/pico-keypad.dir/Pico/pico-sdk/src/rp2_common/hardware_sync/sync.c.obj
                0x100007f4                next_striped_spin_lock_num
 .text.spin_lock_claim_unused
                0x1000080c       0x24 CMakeFiles/pico-keypad.dir/Pico/pico-sdk/src/rp2_common/hardware_sync/sync.c.obj
                0x1000080c                spin_lock_claim_unused
 .text.irq_set_enabled
                0x10000830       0x24 CMakeFiles/pico-keypad.dir/Pico/pico-sdk/src/rp2_common/hardware_irq/irq.c.obj
                0x10000830                irq_set_enabled
 .text.irq_get_vtable_handler
                0x10000854       0x10 CMakeFiles/pico-keypad.dir/Pico/pico-sdk/src/rp2_common/hardware_irq/irq.c.obj
                0x10000854                irq_get_vtable_handler
 .text.irq_set_exclusive_handler
                0x10000864       0x54 CMakeFiles/pico-keypad.dir/Pico/pico-sdk/src/rp2_common/hardware_irq/irq.c.obj
                0x10000864                irq_set_exclusive_handler
 .text.irq_add_shared_handler
                0x100008b8      0x1f4 CMakeFiles/pico-keypad.dir/Pico/pico-sdk/src/rp2_common/hardware_irq/irq.c.obj
                0x100008b8                irq_add_shared_handler
 .text.irq_remove_handler
                0x10000aac      0x1c4 CMakeFiles/pico-keypad.dir/Pico/pico-sdk/src/rp2_common/hardware_irq/irq.c.obj
                0x10000aac                irq_remove_handler
 .text.irq_add_tail_to_free_list
                0x10000c70       0xb4 CMakeFiles/pico-keypad.dir/Pico/pico-sdk/src/rp2_common/hardware_irq/irq.c.obj
                0x10000c70                irq_add_tail_to_free_list
 .text.irq_init_priorities
                0x10000d24       0x24 CMakeFiles/pico-keypad.dir/Pico/pico-sdk/src/rp2_common/hardware_irq/irq.c.obj
                0x10000d24                irq_init_priorities
 .text.lock_init
                0x10000d48       0x10 CMakeFiles/pico-keypad.dir/Pico/pico-sdk/src/common/pico_sync/lock_core.c.obj
                0x10000d48                lock_init
 .text.mutex_init
                0x10000d58       0x1c CMakeFiles/pico-keypad.dir/Pico/pico-sdk/src/common/pico_sync/mutex.c.obj
                0x10000d58                mutex_init
 .text.recursive_mutex_init
                0x10000d74       0x1c CMakeFiles/pico-keypad.dir/Pico/pico-sdk/src/common/pico_sync/mutex.c.obj
                0x10000d74                recursive_mutex_init
 .text.critical_section_init
                0x10000d90       0x1c CMakeFiles/pico-keypad.dir/Pico/pico-sdk/src/common/pico_sync/critical_section.c.obj
                0x10000d90                critical_section_init
 .text.timer_pool_entry_comparator
                0x10000dac       0x34 CMakeFiles/pico-keypad.dir/Pico/pico-sdk/src/common/pico_time/time.c.obj
                0x10000dac                timer_pool_entry_comparator
 .text.repeating_timer_callback
                0x10000de0       0x1c CMakeFiles/pico-keypad.dir/Pico/pico-sdk/src/common/pico_time/time.c.obj
 .text.sleep_until_callback
                0x10000dfc       0x30 CMakeFiles/pico-keypad.dir/Pico/pico-sdk/src/common/pico_time/time.c.obj
 .text.add_alarm_under_lock.isra.0
                0x10000e2c      0x100 CMakeFiles/pico-keypad.dir/Pico/pico-sdk/src/common/pico_time/time.c.obj
 .text.alarm_pool_alarm_callback
                0x10000f2c      0x1c0 CMakeFiles/pico-keypad.dir/Pico/pico-sdk/src/common/pico_time/time.c.obj
 .text.alarm_pool_init_default
                0x100010ec       0x6c CMakeFiles/pico-keypad.dir/Pico/pico-sdk/src/common/pico_time/time.c.obj
                0x100010ec                alarm_pool_init_default
 .text.alarm_pool_get_default
                0x10001158        0x8 CMakeFiles/pico-keypad.dir/Pico/pico-sdk/src/common/pico_time/time.c.obj
                0x10001158                alarm_pool_get_default
 .text.alarm_pool_add_alarm_at
                0x10001160      0x188 CMakeFiles/pico-keypad.dir/Pico/pico-sdk/src/common/pico_time/time.c.obj
                0x10001160                alarm_pool_add_alarm_at
 .text.alarm_pool_add_repeating_timer_us
                0x100012e8      0x218 CMakeFiles/pico-keypad.dir/Pico/pico-sdk/src/common/pico_time/time.c.obj
                0x100012e8                alarm_pool_add_repeating_timer_us
 .text.best_effort_wfe_or_timeout
                0x10001500       0xec CMakeFiles/pico-keypad.dir/Pico/pico-sdk/src/common/pico_time/time.c.obj
                0x10001500                best_effort_wfe_or_timeout
 .text.hardware_alarm_irq_handler
                0x100015ec       0xbc CMakeFiles/pico-keypad.dir/Pico/pico-sdk/src/rp2_common/hardware_timer/timer.c.obj
 .text.hardware_alarm_claim
                0x100016a8       0x18 CMakeFiles/pico-keypad.dir/Pico/pico-sdk/src/rp2_common/hardware_timer/timer.c.obj
                0x100016a8                hardware_alarm_claim
 .text.time_us_64
                0x100016c0       0x14 CMakeFiles/pico-keypad.dir/Pico/pico-sdk/src/rp2_common/hardware_timer/timer.c.obj
                0x100016c0                time_us_64
 .text.busy_wait_us_32
                0x100016d4       0x7c CMakeFiles/pico-keypad.dir/Pico/pico-sdk/src/rp2_common/hardware_timer/timer.c.obj
                0x100016d4                busy_wait_us_32
 .text.hardware_alarm_set_callback
                0x10001750       0x8c CMakeFiles/pico-keypad.dir/Pico/pico-sdk/src/rp2_common/hardware_timer/timer.c.obj
                0x10001750                hardware_alarm_set_callback
 .text.hardware_alarm_set_target
                0x100017dc       0xd0 CMakeFiles/pico-keypad.dir/Pico/pico-sdk/src/rp2_common/hardware_timer/timer.c.obj
                0x100017dc                hardware_alarm_set_target
 .text.hardware_alarm_cancel
                0x100018ac       0x3c CMakeFiles/pico-keypad.dir/Pico/pico-sdk/src/rp2_common/hardware_timer/timer.c.obj
                0x100018ac                hardware_alarm_cancel
 .text.ph_merge_nodes
                0x100018e8       0x64 CMakeFiles/pico-keypad.dir/Pico/pico-sdk/src/common/pico_util/pheap.c.obj
 .text.ph_post_alloc_init
                0x1000194c       0x3c CMakeFiles/pico-keypad.dir/Pico/pico-sdk/src/common/pico_util/pheap.c.obj
                0x1000194c                ph_post_alloc_init
 .text.ph_merge_two_pass
                0x10001988       0x98 CMakeFiles/pico-keypad.dir/Pico/pico-sdk/src/common/pico_util/pheap.c.obj
                0x10001988                ph_merge_two_pass
 .text.ph_remove_any_head
                0x10001a20      0x100 CMakeFiles/pico-keypad.dir/Pico/pico-sdk/src/common/pico_util/pheap.c.obj
 .text.ph_remove_head
                0x10001b20      0x104 CMakeFiles/pico-keypad.dir/Pico/pico-sdk/src/common/pico_util/pheap.c.obj
                0x10001b20                ph_remove_head
 .text.ph_remove_and_free_node
                0x10001c24       0x78 CMakeFiles/pico-keypad.dir/Pico/pico-sdk/src/common/pico_util/pheap.c.obj
                0x10001c24                ph_remove_and_free_node
 .text.clocks_init
                0x10001c9c      0x2c8 CMakeFiles/pico-keypad.dir/Pico/pico-sdk/src/rp2_common/hardware_clocks/clocks.c.obj
                0x10001c9c                clocks_init
 .text.pll_init
                0x10001f64       0xa0 CMakeFiles/pico-keypad.dir/Pico/pico-sdk/src/rp2_common/hardware_pll/pll.c.obj
                0x10001f64                pll_init
 .text.watchdog_start_tick
                0x10002004       0x10 CMakeFiles/pico-keypad.dir/Pico/pico-sdk/src/rp2_common/hardware_watchdog/watchdog.c.obj
                0x10002004                watchdog_start_tick
 .text.xosc_init
                0x10002014       0x28 CMakeFiles/pico-keypad.dir/Pico/pico-sdk/src/rp2_common/hardware_xosc/xosc.c.obj
                0x10002014                xosc_init
 .text.runtime_init
                0x1000203c       0xf0 CMakeFiles/pico-keypad.dir/Pico/pico-sdk/src/rp2_common/pico_runtime/runtime.c.obj
                0x1000203c                runtime_init
 .text._exit    0x1000212c        0x4 CMakeFiles/pico-keypad.dir/Pico/pico-sdk/src/rp2_common/pico_runtime/runtime.c.obj
                0x1000212c                _exit
 .text.exit     0x10002130        0x8 CMakeFiles/pico-keypad.dir/Pico/pico-sdk/src/rp2_common/pico_runtime/runtime.c.obj
                0x10002130                exit
 .text.panic    0x10002138       0x30 CMakeFiles/pico-keypad.dir/Pico/pico-sdk/src/rp2_common/pico_runtime/runtime.c.obj
                0x10002138                panic
 .text.hard_assertion_failure
                0x10002168        0xc CMakeFiles/pico-keypad.dir/Pico/pico-sdk/src/rp2_common/pico_runtime/runtime.c.obj
                0x10002168                hard_assertion_failure
 .text._out_char
                0x10002174       0x10 CMakeFiles/pico-keypad.dir/Pico/pico-sdk/src/rp2_common/pico_printf/printf.c.obj
 .text.weak_raw_vprintf
                0x10002184       0x30 CMakeFiles/pico-keypad.dir/Pico/pico-sdk/src/rp2_common/pico_printf/printf.c.obj
                0x10002184                weak_raw_vprintf
 .text          0x100021b4       0x10 CMakeFiles/pico-keypad.dir/Pico/pico-sdk/src/rp2_common/pico_bit_ops/bit_ops_aeabi.S.obj
 .text.rom_func_lookup
                0x100021c4       0x10 CMakeFiles/pico-keypad.dir/Pico/pico-sdk/src/rp2_common/pico_bootrom/bootrom.c.obj
                0x100021c4                rom_func_lookup
 .text.rom_data_lookup
                0x100021d4       0x10 CMakeFiles/pico-keypad.dir/Pico/pico-sdk/src/rp2_common/pico_bootrom/bootrom.c.obj
                0x100021d4                rom_data_lookup
 .text.rom_funcs_lookup
                0x100021e4       0x44 CMakeFiles/pico-keypad.dir/Pico/pico-sdk/src/rp2_common/pico_bootrom/bootrom.c.obj
                0x100021e4                rom_funcs_lookup
 .text.__wrap___aeabi_uidiv
                0x10002228       0x4c CMakeFiles/pico-keypad.dir/Pico/pico-sdk/src/rp2_common/pico_divider/divider.S.obj
                0x10002228                __wrap___aeabi_uidiv
                0x10002228                __wrap___aeabi_uidivmod
                0x10002228                div_u32u32
                0x10002228                divmod_u32u32
                0x10002230                divmod_u32u32_unsafe
                0x10002258                divmod_u32u32_savestate
 .text.__aeabi_double_init
                0x10002274       0x98 CMakeFiles/pico-keypad.dir/Pico/pico-sdk/src/rp2_common/pico_double/double_init_rom.c.obj
                0x10002274                __aeabi_double_init
 .text.double_table_shim_on_use_helper
                0x1000230c       0x2c CMakeFiles/pico-keypad.dir/Pico/pico-sdk/src/rp2_common/pico_double/double_v1_rom_shim.S.obj
                0x1000230c                double_table_shim_on_use_helper
 .text.__aeabi_lmul
                0x10002338       0x32 CMakeFiles/pico-keypad.dir/Pico/pico-sdk/src/rp2_common/pico_int64_ops/pico_int64_ops_aeabi.S.obj
                0x10002338                __wrap___aeabi_lmul
 *fill*         0x1000236a        0x2 
 .text.__aeabi_float_init
                0x1000236c       0x64 CMakeFiles/pico-keypad.dir/Pico/pico-sdk/src/rp2_common/pico_float/float_init_rom.c.obj
                0x1000236c                __aeabi_float_init
 .text.float_table_shim_on_use_helper
                0x100023d0       0x2c CMakeFiles/pico-keypad.dir/Pico/pico-sdk/src/rp2_common/pico_float/float_v1_rom_shim.S.obj
                0x100023d0                float_table_shim_on_use_helper
 .text          0x100023fc       0x10 CMakeFiles/pico-keypad.dir/Pico/pico-sdk/src/rp2_common/pico_mem_ops/mem_ops_aeabi.S.obj
                0x100023fc                __aeabi_mem_init
 .text.memset   0x1000240c        0xc CMakeFiles/pico-keypad.dir/Pico/pico-sdk/src/rp2_common/pico_mem_ops/mem_ops_aeabi.S.obj
                0x1000240c                __wrap_memset
 .text.memcpy   0x10002418        0xc CMakeFiles/pico-keypad.dir/Pico/pico-sdk/src/rp2_common/pico_mem_ops/mem_ops_aeabi.S.obj
                0x10002418                __wrap___aeabi_memcpy
                0x10002418                __wrap_memcpy
 .text.stdio_out_chars_crlf
                0x10002424       0xbc CMakeFiles/pico-keypad.dir/Pico/pico-sdk/src/rp2_common/pico_stdio/stdio.c.obj
 .text.__wrap_putchar
                0x100024e0       0x98 CMakeFiles/pico-keypad.dir/Pico/pico-sdk/src/rp2_common/pico_stdio/stdio.c.obj
                0x100024e0                __wrap_putchar
 .text.__wrap_puts
                0x10002578       0xe0 CMakeFiles/pico-keypad.dir/Pico/pico-sdk/src/rp2_common/pico_stdio/stdio.c.obj
                0x10002578                __wrap_puts
 .text.tud_cdc_rx_cb
                0x10002658       0x20 CMakeFiles/pico-keypad.dir/Pico/pico-sdk/src/rp2_common/pico_stdio_usb/stdio_usb.c.obj
                0x10002658                tud_cdc_rx_cb
 .text.startup._retrieve_unique_id_on_boot
                0x10002678       0x10 CMakeFiles/pico-keypad.dir/Pico/pico-sdk/src/rp2_common/pico_unique_id/unique_id.c.obj
 .text.flash_get_unique_id
                0x10002688       0x40 CMakeFiles/pico-keypad.dir/Pico/pico-sdk/src/rp2_common/hardware_flash/flash.c.obj
                0x10002688                flash_get_unique_id
 .text.dcd_int_enable
                0x100026c8        0xc CMakeFiles/pico-keypad.dir/Pico/pico-sdk/lib/tinyusb/src/portable/raspberrypi/rp2040/dcd_rp2040.c.obj
                0x100026c8                dcd_int_enable
 .text.dcd_set_address
                0x100026d4       0x14 CMakeFiles/pico-keypad.dir/Pico/pico-sdk/lib/tinyusb/src/portable/raspberrypi/rp2040/dcd_rp2040.c.obj
                0x100026d4                dcd_set_address
 .text.dcd_remote_wakeup
                0x100026e8       0x18 CMakeFiles/pico-keypad.dir/Pico/pico-sdk/lib/tinyusb/src/portable/raspberrypi/rp2040/dcd_rp2040.c.obj
                0x100026e8                dcd_remote_wakeup
 .text.dcd_connect
                0x10002700       0x10 CMakeFiles/pico-keypad.dir/Pico/pico-sdk/lib/tinyusb/src/portable/raspberrypi/rp2040/dcd_rp2040.c.obj
                0x10002700                dcd_connect
 .text.dcd_init
                0x10002710       0x98 CMakeFiles/pico-keypad.dir/Pico/pico-sdk/lib/tinyusb/src/portable/raspberrypi/rp2040/dcd_rp2040.c.obj
                0x10002710                dcd_init
 .text.dcd_edpt0_status_complete
                0x100027a8       0x1c CMakeFiles/pico-keypad.dir/Pico/pico-sdk/lib/tinyusb/src/portable/raspberrypi/rp2040/dcd_rp2040.c.obj
                0x100027a8                dcd_edpt0_status_complete
 .text.dcd_edpt_open
                0x100027c4      0x108 CMakeFiles/pico-keypad.dir/Pico/pico-sdk/lib/tinyusb/src/portable/raspberrypi/rp2040/dcd_rp2040.c.obj
                0x100027c4                dcd_edpt_open
 .text.dcd_edpt_close_all
                0x100028cc        0x8 CMakeFiles/pico-keypad.dir/Pico/pico-sdk/lib/tinyusb/src/portable/raspberrypi/rp2040/dcd_rp2040.c.obj
                0x100028cc                dcd_edpt_close_all
 .text.dcd_edpt_xfer
                0x100028d4       0x24 CMakeFiles/pico-keypad.dir/Pico/pico-sdk/lib/tinyusb/src/portable/raspberrypi/rp2040/dcd_rp2040.c.obj
                0x100028d4                dcd_edpt_xfer
 .text.dcd_edpt_stall
                0x100028f8       0x38 CMakeFiles/pico-keypad.dir/Pico/pico-sdk/lib/tinyusb/src/portable/raspberrypi/rp2040/dcd_rp2040.c.obj
                0x100028f8                dcd_edpt_stall
 .text.dcd_edpt_clear_stall
                0x10002930       0x30 CMakeFiles/pico-keypad.dir/Pico/pico-sdk/lib/tinyusb/src/portable/raspberrypi/rp2040/dcd_rp2040.c.obj
                0x10002930                dcd_edpt_clear_stall
 .text.rp2040_usb_init
                0x10002960       0x4c CMakeFiles/pico-keypad.dir/Pico/pico-sdk/lib/tinyusb/src/portable/raspberrypi/rp2040/rp2040_usb.c.obj
                0x10002960                rp2040_usb_init
 .text.hw_endpoint_xfer_start
                0x100029ac       0x40 CMakeFiles/pico-keypad.dir/Pico/pico-sdk/lib/tinyusb/src/portable/raspberrypi/rp2040/rp2040_usb.c.obj
                0x100029ac                hw_endpoint_xfer_start
 .text.configuration_reset
                0x100029ec       0x98 CMakeFiles/pico-keypad.dir/Pico/pico-sdk/lib/tinyusb/src/device/usbd.c.obj
 .text.tud_mounted
                0x10002a84       0x10 CMakeFiles/pico-keypad.dir/Pico/pico-sdk/lib/tinyusb/src/device/usbd.c.obj
                0x10002a84                tud_mounted
 .text.tud_suspended
                0x10002a94       0x10 CMakeFiles/pico-keypad.dir/Pico/pico-sdk/lib/tinyusb/src/device/usbd.c.obj
                0x10002a94                tud_suspended
 .text.tud_remote_wakeup
                0x10002aa4       0x30 CMakeFiles/pico-keypad.dir/Pico/pico-sdk/lib/tinyusb/src/device/usbd.c.obj
                0x10002aa4                tud_remote_wakeup
 .text.tud_inited
                0x10002ad4       0x14 CMakeFiles/pico-keypad.dir/Pico/pico-sdk/lib/tinyusb/src/device/usbd.c.obj
                0x10002ad4                tud_inited
 .text.tud_init
                0x10002ae8       0xec CMakeFiles/pico-keypad.dir/Pico/pico-sdk/lib/tinyusb/src/device/usbd.c.obj
                0x10002ae8                tud_init
 .text.tud_task_ext
                0x10002bd4      0x78c CMakeFiles/pico-keypad.dir/Pico/pico-sdk/lib/tinyusb/src/device/usbd.c.obj
                0x10002bd4                tud_task_ext
 .text.usbd_open_edpt_pair
                0x10003360       0x9c CMakeFiles/pico-keypad.dir/Pico/pico-sdk/lib/tinyusb/src/device/usbd.c.obj
                0x10003360                usbd_open_edpt_pair
 .text.usbd_defer_func
                0x100033fc       0x48 CMakeFiles/pico-keypad.dir/Pico/pico-sdk/lib/tinyusb/src/device/usbd.c.obj
                0x100033fc                usbd_defer_func
 .text.usbd_edpt_open
                0x10003444       0x34 CMakeFiles/pico-keypad.dir/Pico/pico-sdk/lib/tinyusb/src/device/usbd.c.obj
                0x10003444                usbd_edpt_open
 .text.usbd_edpt_claim
                0x10003478       0x28 CMakeFiles/pico-keypad.dir/Pico/pico-sdk/lib/tinyusb/src/device/usbd.c.obj
                0x10003478                usbd_edpt_claim
 .text.usbd_edpt_release
                0x100034a0       0x28 CMakeFiles/pico-keypad.dir/Pico/pico-sdk/lib/tinyusb/src/device/usbd.c.obj
                0x100034a0                usbd_edpt_release
 .text.usbd_edpt_xfer
                0x100034c8       0x4c CMakeFiles/pico-keypad.dir/Pico/pico-sdk/lib/tinyusb/src/device/usbd.c.obj
                0x100034c8                usbd_edpt_xfer
 .text.usbd_edpt_busy
                0x10003514       0x1c CMakeFiles/pico-keypad.dir/Pico/pico-sdk/lib/tinyusb/src/device/usbd.c.obj
                0x10003514                usbd_edpt_busy
 .text.tud_control_status
                0x10003530       0x2c CMakeFiles/pico-keypad.dir/Pico/pico-sdk/lib/tinyusb/src/device/usbd_control.c.obj
                0x10003530                tud_control_status
 .text.tud_control_xfer
                0x1000355c       0xac CMakeFiles/pico-keypad.dir/Pico/pico-sdk/lib/tinyusb/src/device/usbd_control.c.obj
                0x1000355c                tud_control_xfer
 .text.usbd_control_reset
                0x10003608       0x14 CMakeFiles/pico-keypad.dir/Pico/pico-sdk/lib/tinyusb/src/device/usbd_control.c.obj
                0x10003608                usbd_control_reset
 .text.usbd_control_set_complete_callback
                0x1000361c        0xc CMakeFiles/pico-keypad.dir/Pico/pico-sdk/lib/tinyusb/src/device/usbd_control.c.obj
                0x1000361c                usbd_control_set_complete_callback
 .text.usbd_control_set_request
                0x10003628       0x1c CMakeFiles/pico-keypad.dir/Pico/pico-sdk/lib/tinyusb/src/device/usbd_control.c.obj
                0x10003628                usbd_control_set_request
 .text.usbd_control_xfer_cb
                0x10003644       0xf4 CMakeFiles/pico-keypad.dir/Pico/pico-sdk/lib/tinyusb/src/device/usbd_control.c.obj
                0x10003644                usbd_control_xfer_cb
 .text.tud_cdc_n_write_flush
                0x10003738       0x78 CMakeFiles/pico-keypad.dir/Pico/pico-sdk/lib/tinyusb/src/class/cdc/cdc_device.c.obj
                0x10003738                tud_cdc_n_write_flush
 .text.cdcd_init
                0x100037b0       0x70 CMakeFiles/pico-keypad.dir/Pico/pico-sdk/lib/tinyusb/src/class/cdc/cdc_device.c.obj
                0x100037b0                cdcd_init
 .text.cdcd_reset
                0x10003820       0x2c CMakeFiles/pico-keypad.dir/Pico/pico-sdk/lib/tinyusb/src/class/cdc/cdc_device.c.obj
                0x10003820                cdcd_reset
 .text.cdcd_open
                0x1000384c       0xe0 CMakeFiles/pico-keypad.dir/Pico/pico-sdk/lib/tinyusb/src/class/cdc/cdc_device.c.obj
                0x1000384c                cdcd_open
 .text.cdcd_control_xfer_cb
                0x1000392c       0xe4 CMakeFiles/pico-keypad.dir/Pico/pico-sdk/lib/tinyusb/src/class/cdc/cdc_device.c.obj
                0x1000392c                cdcd_control_xfer_cb
 .text.cdcd_xfer_cb
                0x10003a10      0x138 CMakeFiles/pico-keypad.dir/Pico/pico-sdk/lib/tinyusb/src/class/cdc/cdc_device.c.obj
                0x10003a10                cdcd_xfer_cb
 .text.tud_hid_n_ready
                0x10003b48       0x38 CMakeFiles/pico-keypad.dir/Pico/pico-sdk/lib/tinyusb/src/class/hid/hid_device.c.obj
                0x10003b48                tud_hid_n_ready
 .text.tud_hid_n_keyboard_report
                0x10003b80       0x8c CMakeFiles/pico-keypad.dir/Pico/pico-sdk/lib/tinyusb/src/class/hid/hid_device.c.obj
                0x10003b80                tud_hid_n_keyboard_report
 .text.hidd_init
                0x10003c0c       0x14 CMakeFiles/pico-keypad.dir/Pico/pico-sdk/lib/tinyusb/src/class/hid/hid_device.c.obj
                0x10003c0c                hidd_init
 .text.hidd_reset
                0x10003c20       0x14 CMakeFiles/pico-keypad.dir/Pico/pico-sdk/lib/tinyusb/src/class/hid/hid_device.c.obj
                0x10003c20                hidd_reset
 .text.hidd_open
                0x10003c34       0x8c CMakeFiles/pico-keypad.dir/Pico/pico-sdk/lib/tinyusb/src/class/hid/hid_device.c.obj
                0x10003c34                hidd_open
 .text.hidd_control_xfer_cb
                0x10003cc0      0x1c8 CMakeFiles/pico-keypad.dir/Pico/pico-sdk/lib/tinyusb/src/class/hid/hid_device.c.obj
                0x10003cc0                hidd_control_xfer_cb
 .text.hidd_xfer_cb
                0x10003e88       0x60 CMakeFiles/pico-keypad.dir/Pico/pico-sdk/lib/tinyusb/src/class/hid/hid_device.c.obj
                0x10003e88                hidd_xfer_cb
 .text.tusb_init
                0x10003ee8        0xc CMakeFiles/pico-keypad.dir/Pico/pico-sdk/lib/tinyusb/src/tusb.c.obj
                0x10003ee8                tusb_init
 .text.tusb_inited
                0x10003ef4        0x8 CMakeFiles/pico-keypad.dir/Pico/pico-sdk/lib/tinyusb/src/tusb.c.obj
                0x10003ef4                tusb_inited
 .text.tu_edpt_claim
                0x10003efc       0x50 CMakeFiles/pico-keypad.dir/Pico/pico-sdk/lib/tinyusb/src/tusb.c.obj
                0x10003efc                tu_edpt_claim
 .text.tu_edpt_release
                0x10003f4c       0x38 CMakeFiles/pico-keypad.dir/Pico/pico-sdk/lib/tinyusb/src/tusb.c.obj
                0x10003f4c                tu_edpt_release
 .text.tu_edpt_validate
                0x10003f84       0x7c CMakeFiles/pico-keypad.dir/Pico/pico-sdk/lib/tinyusb/src/tusb.c.obj
                0x10003f84                tu_edpt_validate
 .text.tu_edpt_bind_driver
                0x10004000       0x34 CMakeFiles/pico-keypad.dir/Pico/pico-sdk/lib/tinyusb/src/tusb.c.obj
                0x10004000                tu_edpt_bind_driver
 .text.tu_fifo_config
                0x10004034       0x6c CMakeFiles/pico-keypad.dir/Pico/pico-sdk/lib/tinyusb/src/common/tusb_fifo.c.obj
                0x10004034                tu_fifo_config
 .text.tu_fifo_count
                0x100040a0       0x2c CMakeFiles/pico-keypad.dir/Pico/pico-sdk/lib/tinyusb/src/common/tusb_fifo.c.obj
                0x100040a0                tu_fifo_count
 .text.tu_fifo_empty
                0x100040cc       0x10 CMakeFiles/pico-keypad.dir/Pico/pico-sdk/lib/tinyusb/src/common/tusb_fifo.c.obj
                0x100040cc                tu_fifo_empty
 .text.tu_fifo_remaining
                0x100040dc       0x2c CMakeFiles/pico-keypad.dir/Pico/pico-sdk/lib/tinyusb/src/common/tusb_fifo.c.obj
                0x100040dc                tu_fifo_remaining
 .text.tu_fifo_read
                0x10004108       0x9c CMakeFiles/pico-keypad.dir/Pico/pico-sdk/lib/tinyusb/src/common/tusb_fifo.c.obj
                0x10004108                tu_fifo_read
 .text.tu_fifo_read_n
                0x100041a4       0xe8 CMakeFiles/pico-keypad.dir/Pico/pico-sdk/lib/tinyusb/src/common/tusb_fifo.c.obj
                0x100041a4                tu_fifo_read_n
 .text.tu_fifo_write
                0x1000428c       0x88 CMakeFiles/pico-keypad.dir/Pico/pico-sdk/lib/tinyusb/src/common/tusb_fifo.c.obj
                0x1000428c                tu_fifo_write
 .text.tu_fifo_write_n
                0x10004314      0x170 CMakeFiles/pico-keypad.dir/Pico/pico-sdk/lib/tinyusb/src/common/tusb_fifo.c.obj
                0x10004314                tu_fifo_write_n
 .text.tu_fifo_clear
                0x10004484       0x40 CMakeFiles/pico-keypad.dir/Pico/pico-sdk/lib/tinyusb/src/common/tusb_fifo.c.obj
                0x10004484                tu_fifo_clear
 .text.tu_fifo_set_overwritable
                0x100044c4       0x48 CMakeFiles/pico-keypad.dir/Pico/pico-sdk/lib/tinyusb/src/common/tusb_fifo.c.obj
                0x100044c4                tu_fifo_set_overwritable
 .text          0x1000450c       0x5c /usr/lib/gcc/arm-none-eabi/12.2.1/../../../arm-none-eabi/lib/thumb/v6-m/nofp/libc.a(lib_a-strlen-stub.o)
                0x1000450c                strlen
 *(.fini)
 .fini          0x10004568        0x4 /usr/lib/gcc/arm-none-eabi/12.2.1/thumb/v6-m/nofp/crti.o
                0x10004568                _fini
 *fill*         0x1000456c        0x4 
 .fini.__stub   0x10004570       0xa0 linker stubs
 *crtbegin.o(.ctors)
 *crtbegin?.o(.ctors)
 *(EXCLUDE_FILE(*crtend.o *crtend?.o) .ctors)
 *(SORT_BY_NAME(.ctors.*))
 *(.ctors)
 *crtbegin.o(.dtors)
 *crtbegin?.o(.dtors)
 *(EXCLUDE_FILE(*crtend.o *crtend?.o) .dtors)
 *(SORT_BY_NAME(.dtors.*))
 *(.dtors)
 *(.eh_frame*)
 .eh_frame      0x10004610        0x0 /usr/lib/gcc/arm-none-eabi/12.2.1/thumb/v6-m/nofp/crtbegin.o
                0x10004610                        . = ALIGN (0x4)

.glue_7         0x10004610        0x0
 .glue_7        0x10004610        0x0 linker stubs

.glue_7t        0x10004610        0x0
 .glue_7t       0x10004610        0x0 linker stubs

.vfp11_veneer   0x10004610        0x0
 .vfp11_veneer  0x10004610        0x0 linker stubs

.v4_bx          0x10004610        0x0
 .v4_bx         0x10004610        0x0 linker stubs

.iplt           0x10004610        0x0
 .iplt          0x10004610        0x0 /usr/lib/gcc/arm-none-eabi/12.2.1/thumb/v6-m/nofp/crtbegin.o

.rodata         0x10004610      0x42c
 *(EXCLUDE_FILE(*libm.a: *libc.a:*lib_a-mem*.o *libgcc.a:) .rodata*)
 .rodata.str1.4
                0x10004610       0x1f CMakeFiles/pico-keypad.dir/src/lib/tinyusb/usb_descriptors.c.obj
 *fill*         0x1000462f        0x1 
 .rodata.__compound_literal.0
                0x10004630        0x2 CMakeFiles/pico-keypad.dir/src/lib/tinyusb/usb_descriptors.c.obj
 *fill*         0x10004632        0x2 
 .rodata.desc_configuration
                0x10004634       0x22 CMakeFiles/pico-keypad.dir/src/lib/tinyusb/usb_descriptors.c.obj
                0x10004634                desc_configuration
 *fill*         0x10004656        0x2 
 .rodata.desc_hid_report
                0x10004658       0xef CMakeFiles/pico-keypad.dir/src/lib/tinyusb/usb_descriptors.c.obj
                0x10004658                desc_hid_report
 *fill*         0x10004747        0x1 
 .rodata.desc_device
                0x10004748       0x12 CMakeFiles/pico-keypad.dir/src/lib/tinyusb/usb_descriptors.c.obj
                0x10004748                desc_device
 *fill*         0x1000475a        0x2 
 .rodata.layout
                0x1000475c       0xa0 CMakeFiles/pico-keypad.dir/src/Keys/Keys.c.obj
 .rodata.rows_pins
                0x100047fc        0x5 CMakeFiles/pico-keypad.dir/src/Keys/Keys.c.obj
 *fill*         0x10004801        0x3 
 .rodata.columns_pins
                0x10004804        0x4 CMakeFiles/pico-keypad.dir/src/Keys/Keys.c.obj
 .rodata.spin_lock_claim_unused.str1.4
                0x10004808       0x1b CMakeFiles/pico-keypad.dir/Pico/pico-sdk/src/rp2_common/hardware_sync/sync.c.obj
 *fill*         0x10004823        0x1 
 .rodata.hardware_alarm_claim.str1.4
                0x10004824       0x22 CMakeFiles/pico-keypad.dir/Pico/pico-sdk/src/rp2_common/hardware_timer/timer.c.obj
 *fill*         0x10004846        0x2 
 .rodata.panic.str1.4
                0x10004848       0x12 CMakeFiles/pico-keypad.dir/Pico/pico-sdk/src/rp2_common/pico_runtime/runtime.c.obj
 *fill*         0x1000485a        0x2 
 .rodata.hard_assertion_failure.str1.4
                0x1000485c        0xc CMakeFiles/pico-keypad.dir/Pico/pico-sdk/src/rp2_common/pico_runtime/runtime.c.obj
 .rodata.str1.4
                0x10004868       0x40 CMakeFiles/pico-keypad.dir/Pico/pico-sdk/src/rp2_common/pico_standard_link/binary_info.c.obj
 .rodata.__bi_81
                0x100048a8        0xc CMakeFiles/pico-keypad.dir/Pico/pico-sdk/src/rp2_common/pico_standard_link/binary_info.c.obj
 .rodata.__bi_75
                0x100048b4        0xc CMakeFiles/pico-keypad.dir/Pico/pico-sdk/src/rp2_common/pico_standard_link/binary_info.c.obj
 .rodata.__bi_44
                0x100048c0        0xc CMakeFiles/pico-keypad.dir/Pico/pico-sdk/src/rp2_common/pico_standard_link/binary_info.c.obj
 .rodata.crlf_str.0
                0x100048cc        0x2 CMakeFiles/pico-keypad.dir/Pico/pico-sdk/src/rp2_common/pico_stdio/stdio.c.obj
 *fill*         0x100048ce        0x2 
 .rodata.str1.4
                0x100048d0       0x14 CMakeFiles/pico-keypad.dir/Pico/pico-sdk/lib/tinyusb/src/portable/raspberrypi/rp2040/dcd_rp2040.c.obj
 .rodata.str1.4
                0x100048e4       0x53 CMakeFiles/pico-keypad.dir/Pico/pico-sdk/lib/tinyusb/src/portable/raspberrypi/rp2040/rp2040_usb.c.obj
 *fill*         0x10004937        0x1 
 .rodata.tud_task_ext
                0x10004938       0x8c CMakeFiles/pico-keypad.dir/Pico/pico-sdk/lib/tinyusb/src/device/usbd.c.obj
 .rodata._usbd_driver
                0x100049c4       0x30 CMakeFiles/pico-keypad.dir/Pico/pico-sdk/lib/tinyusb/src/device/usbd.c.obj
 .rodata.hidd_control_xfer_cb
                0x100049f4       0x30 CMakeFiles/pico-keypad.dir/Pico/pico-sdk/lib/tinyusb/src/class/hid/hid_device.c.obj
 .rodata.str1.4
                0x10004a24        0x4 CMakeFiles/pico-keypad.dir/Pico/pico-sdk/lib/tinyusb/hw/bsp/rp2040/family.c.obj
 .rodata.__bi_142.0
                0x10004a28        0xc CMakeFiles/pico-keypad.dir/Pico/pico-sdk/lib/tinyusb/hw/bsp/rp2040/family.c.obj
 .rodata.__bi_152.1
                0x10004a34        0x8 CMakeFiles/pico-keypad.dir/Pico/pico-sdk/lib/tinyusb/hw/bsp/rp2040/family.c.obj
                0x10004a3c                        . = ALIGN (0x4)
 *(SORT_BY_ALIGNMENT(SORT_BY_NAME(.flashdata*)))
                0x10004a3c                        . = ALIGN (0x4)

.ARM.extab
 *(.ARM.extab* .gnu.linkonce.armextab.*)
                0x10004a3c                        __exidx_start = .

.ARM.exidx
 *(.ARM.exidx* .gnu.linkonce.armexidx.*)
                0x10004a3c                        __exidx_end = .
                0x10004a3c                        . = ALIGN (0x4)
                0x10004a3c                        __binary_info_start = .

.binary_info    0x10004a3c       0x24
 *(.binary_info.keep.*)
 .binary_info.keep.__bi_ptr81
                0x10004a3c        0x4 CMakeFiles/pico-keypad.dir/Pico/pico-sdk/src/rp2_common/pico_standard_link/binary_info.c.obj
 .binary_info.keep.__bi_ptr75
                0x10004a40        0x4 CMakeFiles/pico-keypad.dir/Pico/pico-sdk/src/rp2_common/pico_standard_link/binary_info.c.obj
 .binary_info.keep.__bi_ptr50
                0x10004a44        0x4 CMakeFiles/pico-keypad.dir/Pico/pico-sdk/src/rp2_common/pico_standard_link/binary_info.c.obj
 .binary_info.keep.__bi_ptr44
                0x10004a48        0x4 CMakeFiles/pico-keypad.dir/Pico/pico-sdk/src/rp2_common/pico_standard_link/binary_info.c.obj
 .binary_info.keep.__bi_ptr38
                0x10004a4c        0x4 CMakeFiles/pico-keypad.dir/Pico/pico-sdk/src/rp2_common/pico_standard_link/binary_info.c.obj
 .binary_info.keep.__bi_ptr30
                0x10004a50        0x4 CMakeFiles/pico-keypad.dir/Pico/pico-sdk/src/rp2_common/pico_standard_link/binary_info.c.obj
 .binary_info.keep.__bi_ptr22
                0x10004a54        0x4 CMakeFiles/pico-keypad.dir/Pico/pico-sdk/src/rp2_common/pico_standard_link/binary_info.c.obj
 .binary_info.keep.__bi_ptr152
                0x10004a58        0x4 CMakeFiles/pico-keypad.dir/Pico/pico-sdk/lib/tinyusb/hw/bsp/rp2040/family.c.obj
 .binary_info.keep.__bi_ptr142
                0x10004a5c        0x4 CMakeFiles/pico-keypad.dir/Pico/pico-sdk/lib/tinyusb/hw/bsp/rp2040/family.c.obj
 *(.binary_info.*)
                0x10004a60                        __binary_info_end = .

.rel.dyn        0x10004a60        0x0
 .rel.iplt      0x10004a60        0x0 /usr/lib/gcc/arm-none-eabi/12.2.1/thumb/v6-m/nofp/crtbegin.o
                0x10004a60                        . = ALIGN (0x4)

.ram_vector_table
                0x20000000       0xc0
 *(.ram_vector_table)
 .ram_vector_table
                0x20000000       0xc0 CMakeFiles/pico-keypad.dir/Pico/pico-sdk/src/rp2_common/pico_runtime/runtime.c.obj
                0x20000000                ram_vector_table

.data           0x200000c0      0xe30 load address 0x10004a60
                0x200000c0                        __data_start__ = .
 *(vtable)
 *(.time_critical*)
 .time_critical.mutex_try_enter_block_until
                0x200000c0       0x9c CMakeFiles/pico-keypad.dir/Pico/pico-sdk/src/common/pico_sync/mutex.c.obj
                0x200000c0                mutex_try_enter_block_until
 .time_critical.mutex_enter_timeout_ms
                0x2000015c       0x90 CMakeFiles/pico-keypad.dir/Pico/pico-sdk/src/common/pico_sync/mutex.c.obj
                0x2000015c                mutex_enter_timeout_ms
 .time_critical.mutex_exit
                0x200001ec       0x28 CMakeFiles/pico-keypad.dir/Pico/pico-sdk/src/common/pico_sync/mutex.c.obj
                0x200001ec                mutex_exit
 .time_critical.flash_init_boot2_copyout
                0x20000214       0x30 CMakeFiles/pico-keypad.dir/Pico/pico-sdk/src/rp2_common/hardware_flash/flash.c.obj
 .time_critical.flash_enable_xip_via_boot2
                0x20000244        0xc CMakeFiles/pico-keypad.dir/Pico/pico-sdk/src/rp2_common/hardware_flash/flash.c.obj
 .time_critical.flash_cs_force
                0x20000250       0x38 CMakeFiles/pico-keypad.dir/Pico/pico-sdk/src/rp2_common/hardware_flash/flash.c.obj
 .time_critical.flash_do_cmd
                0x20000288       0xc0 CMakeFiles/pico-keypad.dir/Pico/pico-sdk/src/rp2_common/hardware_flash/flash.c.obj
                0x20000288                flash_do_cmd
 .time_critical.reset_non_control_endpoints
                0x20000348       0x68 CMakeFiles/pico-keypad.dir/Pico/pico-sdk/lib/tinyusb/src/portable/raspberrypi/rp2040/dcd_rp2040.c.obj
 .time_critical.hw_handle_buff_status
                0x200003b0       0xac CMakeFiles/pico-keypad.dir/Pico/pico-sdk/lib/tinyusb/src/portable/raspberrypi/rp2040/dcd_rp2040.c.obj
 .time_critical.dcd_rp2040_irq
                0x2000045c      0x510 CMakeFiles/pico-keypad.dir/Pico/pico-sdk/lib/tinyusb/src/portable/raspberrypi/rp2040/dcd_rp2040.c.obj
 .time_critical.e15_is_bulkin_ep
                0x2000096c       0x28 CMakeFiles/pico-keypad.dir/Pico/pico-sdk/lib/tinyusb/src/portable/raspberrypi/rp2040/rp2040_usb.c.obj
 .time_critical.e15_is_critical_frame_period
                0x20000994       0x34 CMakeFiles/pico-keypad.dir/Pico/pico-sdk/lib/tinyusb/src/portable/raspberrypi/rp2040/rp2040_usb.c.obj
 .time_critical.prepare_ep_buffer
                0x200009c8       0x6c CMakeFiles/pico-keypad.dir/Pico/pico-sdk/lib/tinyusb/src/portable/raspberrypi/rp2040/rp2040_usb.c.obj
 .time_critical.sync_ep_buffer
                0x20000a34       0x48 CMakeFiles/pico-keypad.dir/Pico/pico-sdk/lib/tinyusb/src/portable/raspberrypi/rp2040/rp2040_usb.c.obj
 .time_critical._hw_endpoint_xfer_sync
                0x20000a7c       0x28 CMakeFiles/pico-keypad.dir/Pico/pico-sdk/lib/tinyusb/src/portable/raspberrypi/rp2040/rp2040_usb.c.obj
 .time_critical.hw_endpoint_reset_transfer
                0x20000aa4        0xc CMakeFiles/pico-keypad.dir/Pico/pico-sdk/lib/tinyusb/src/portable/raspberrypi/rp2040/rp2040_usb.c.obj
                0x20000aa4                hw_endpoint_reset_transfer
 .time_critical._hw_endpoint_buffer_control_update32
                0x20000ab0       0x58 CMakeFiles/pico-keypad.dir/Pico/pico-sdk/lib/tinyusb/src/portable/raspberrypi/rp2040/rp2040_usb.c.obj
                0x20000ab0                _hw_endpoint_buffer_control_update32
 .time_critical.hw_endpoint_start_next_buffer
                0x20000b08       0x6c CMakeFiles/pico-keypad.dir/Pico/pico-sdk/lib/tinyusb/src/portable/raspberrypi/rp2040/rp2040_usb.c.obj
                0x20000b08                hw_endpoint_start_next_buffer
 .time_critical.hw_endpoint_xfer_continue
                0x20000b74       0x50 CMakeFiles/pico-keypad.dir/Pico/pico-sdk/lib/tinyusb/src/portable/raspberrypi/rp2040/rp2040_usb.c.obj
                0x20000b74                hw_endpoint_xfer_continue
 .time_critical.tinyusb
                0x20000bc4      0x1bc CMakeFiles/pico-keypad.dir/Pico/pico-sdk/lib/tinyusb/src/device/usbd.c.obj
                0x20000bc4                dcd_event_handler
 *(.text*)
 .text          0x20000d80        0x4 /usr/lib/gcc/arm-none-eabi/12.2.1/thumb/v6-m/nofp/libgcc.a(_dvmd_tls.o)
                0x20000d80                __aeabi_ldiv0
                0x20000d80                __aeabi_idiv0
 *fill*         0x20000d84        0x4 
 .text.__stub   0x20000d88       0x70 linker stubs
                0x20000df8                        . = ALIGN (0x4)
 *(.rodata*)
                0x20000df8                        . = ALIGN (0x4)
 *(.data*)
 .data.string_desc_arr
                0x20000df8       0x10 CMakeFiles/pico-keypad.dir/src/lib/tinyusb/usb_descriptors.c.obj
                0x20000df8                string_desc_arr
 .data.striped_spin_lock_num
                0x20000e08        0x1 CMakeFiles/pico-keypad.dir/Pico/pico-sdk/src/rp2_common/hardware_sync/sync.c.obj
 *fill*         0x20000e09        0x3 
 .data          0x20000e0c       0x48 CMakeFiles/pico-keypad.dir/Pico/pico-sdk/src/rp2_common/hardware_irq/irq_handler_chain.S.obj
                0x20000e0c                irq_handler_chain_slots
                0x20000e3c                irq_handler_chain_first_slot
                0x20000e46                irq_handler_chain_remove_tail
 .data.default_alarm_pool
                0x20000e54       0x18 CMakeFiles/pico-keypad.dir/Pico/pico-sdk/src/common/pico_time/time.c.obj
 .data.default_alarm_pool_heap
                0x20000e6c       0x10 CMakeFiles/pico-keypad.dir/Pico/pico-sdk/src/common/pico_time/time.c.obj
 *fill*         0x20000e7c        0x4 
 .data.aeabi_bits_funcs
                0x20000e80       0x10 CMakeFiles/pico-keypad.dir/Pico/pico-sdk/src/rp2_common/pico_bit_ops/bit_ops_aeabi.S.obj
                0x20000e80                aeabi_bits_funcs
                0x20000e90                aeabi_bits_funcs_end
 .data.aeabi_mem_funcs
                0x20000e90       0x10 CMakeFiles/pico-keypad.dir/Pico/pico-sdk/src/rp2_common/pico_mem_ops/mem_ops_aeabi.S.obj
                0x20000e90                aeabi_mem_funcs
                0x20000ea0                aeabi_mem_funcs_end
 .data.ep_dir_string
                0x20000ea0        0x8 CMakeFiles/pico-keypad.dir/Pico/pico-sdk/lib/tinyusb/src/portable/raspberrypi/rp2040/rp2040_usb.c.obj
                0x20000ea0                ep_dir_string
 .data._usbd_qdef
                0x20000ea8       0x1c CMakeFiles/pico-keypad.dir/Pico/pico-sdk/lib/tinyusb/src/device/usbd.c.obj
                0x20000ea8                _usbd_qdef
 .data._usbd_rhport
                0x20000ec4        0x1 CMakeFiles/pico-keypad.dir/Pico/pico-sdk/lib/tinyusb/src/device/usbd.c.obj
                0x20000ec8                        . = ALIGN (0x4)
 *fill*         0x20000ec5        0x3 
 *(.after_data.*)
                0x20000ec8                        . = ALIGN (0x4)
                0x20000ec8                        PROVIDE (__mutex_array_start = .)
 *(SORT_BY_NAME(.mutex_array.*))
 *(.mutex_array)
 .mutex_array   0x20000ec8        0x8 CMakeFiles/pico-keypad.dir/Pico/pico-sdk/src/rp2_common/pico_malloc/pico_malloc.c.obj
 .mutex_array   0x20000ed0        0x8 CMakeFiles/pico-keypad.dir/Pico/pico-sdk/src/rp2_common/pico_stdio/stdio.c.obj
                0x20000ed8                        PROVIDE (__mutex_array_end = .)
                0x20000ed8                        . = ALIGN (0x4)
                0x20000ed8                        PROVIDE (__preinit_array_start = .)
 *(SORT_BY_NAME(.preinit_array.*))
 .preinit_array.00001
                0x20000ed8        0x4 CMakeFiles/pico-keypad.dir/Pico/pico-sdk/src/rp2_common/pico_mem_ops/mem_ops_aeabi.S.obj
 .preinit_array.00010
                0x20000edc        0x4 CMakeFiles/pico-keypad.dir/Pico/pico-sdk/src/rp2_common/pico_bit_ops/bit_ops_aeabi.S.obj
 .preinit_array.00020
                0x20000ee0        0x4 CMakeFiles/pico-keypad.dir/Pico/pico-sdk/src/rp2_common/pico_double/double_aeabi.S.obj
 .preinit_array.00020
                0x20000ee4        0x4 CMakeFiles/pico-keypad.dir/Pico/pico-sdk/src/rp2_common/pico_float/float_aeabi.S.obj
 *(.preinit_array)
                0x20000ee8                        PROVIDE (__preinit_array_end = .)
                0x20000ee8                        . = ALIGN (0x4)
                0x20000ee8                        PROVIDE (__init_array_start = .)
 *(SORT_BY_NAME(.init_array.*))
 *(.init_array)
 .init_array    0x20000ee8        0x4 /usr/lib/gcc/arm-none-eabi/12.2.1/thumb/v6-m/nofp/crtbegin.o
 .init_array    0x20000eec        0x4 CMakeFiles/pico-keypad.dir/Pico/pico-sdk/src/rp2_common/pico_unique_id/unique_id.c.obj
                0x20000ef0                        PROVIDE (__init_array_end = .)
                0x20000ef0                        . = ALIGN (0x4)
                0x20000ef0                        PROVIDE (__fini_array_start = .)
 *(SORT_BY_NAME(.fini_array.*))
 *(.fini_array)
                0x20000ef0                        PROVIDE (__fini_array_end = .)
 *(.jcr)
                0x20000ef0                        . = ALIGN (0x4)
                0x20000ef0                        __data_end__ = .
                0x10004a60                        __etext = LOADADDR (.data)

.tm_clone_table
                0x20000ef0        0x0 load address 0x10005890
 .tm_clone_table
                0x20000ef0        0x0 /usr/lib/gcc/arm-none-eabi/12.2.1/thumb/v6-m/nofp/crtbegin.o
 .tm_clone_table
                0x20000ef0        0x0 /usr/lib/gcc/arm-none-eabi/12.2.1/thumb/v6-m/nofp/crtend.o

.igot.plt       0x20000ef0        0x0 load address 0x10005890
 .igot.plt      0x20000ef0        0x0 /usr/lib/gcc/arm-none-eabi/12.2.1/thumb/v6-m/nofp/crtbegin.o

.uninitialized_data
                0x20000ef0        0x0 load address 0x10005890
                0x20000ef0                        . = ALIGN (0x4)
 *(.uninitialized_data*)

.scratch_x      0x20040000        0x0 load address 0x10005890
                0x20040000                        __scratch_x_start__ = .
 *(.scratch_x.*)
                0x20040000                        . = ALIGN (0x4)
                0x20040000                        __scratch_x_end__ = .
                0x10005890                        __scratch_x_source__ = LOADADDR (.scratch_x)

.scratch_y      0x20041000        0x0 load address 0x10005890
                0x20041000                        __scratch_y_start__ = .
 *(.scratch_y.*)
                0x20041000                        . = ALIGN (0x4)
                0x20041000                        __scratch_y_end__ = .
                0x10005890                        __scratch_y_source__ = LOADADDR (.scratch_y)

.bss            0x20000ef0      0xc7c
                0x20000ef0                        . = ALIGN (0x4)
                0x20000ef0                        __bss_start__ = .
 *(SORT_BY_ALIGNMENT(SORT_BY_NAME(.bss*)))
 .bss.configured_freq
                0x20000ef0       0x28 CMakeFiles/pico-keypad.dir/Pico/pico-sdk/src/rp2_common/hardware_clocks/clocks.c.obj
 .bss.default_alarm_pool_entries
                0x20000f18      0x100 CMakeFiles/pico-keypad.dir/Pico/pico-sdk/src/common/pico_time/time.c.obj
 .bss.sd_table  0x20001018      0x100 CMakeFiles/pico-keypad.dir/Pico/pico-sdk/src/rp2_common/pico_double/double_init_rom.c.obj
                0x20001018                sd_table
 .bss.sf_table  0x20001118      0x100 CMakeFiles/pico-keypad.dir/Pico/pico-sdk/src/rp2_common/pico_float/float_init_rom.c.obj
                0x20001118                sf_table
 .bss           0x20001218       0x1c /usr/lib/gcc/arm-none-eabi/12.2.1/thumb/v6-m/nofp/crtbegin.o
 .bss._app_driver
                0x20001234        0x4 CMakeFiles/pico-keypad.dir/Pico/pico-sdk/lib/tinyusb/src/device/usbd.c.obj
 .bss._cdcd_itf
                0x20001238      0x148 CMakeFiles/pico-keypad.dir/Pico/pico-sdk/lib/tinyusb/src/class/cdc/cdc_device.c.obj
 .bss._ctrl_xfer
                0x20001380       0x14 CMakeFiles/pico-keypad.dir/Pico/pico-sdk/lib/tinyusb/src/device/usbd_control.c.obj
 .bss._desc_str
                0x20001394       0x40 CMakeFiles/pico-keypad.dir/src/lib/tinyusb/usb_descriptors.c.obj
 .bss._hidd_itf
                0x200013d4       0x8c CMakeFiles/pico-keypad.dir/Pico/pico-sdk/lib/tinyusb/src/class/hid/hid_device.c.obj
 .bss._ubsd_mutexdef
                0x20001460        0x8 CMakeFiles/pico-keypad.dir/Pico/pico-sdk/lib/tinyusb/src/device/usbd.c.obj
 .bss._usbd_ctrl_buf
                0x20001468       0x40 CMakeFiles/pico-keypad.dir/Pico/pico-sdk/lib/tinyusb/src/device/usbd_control.c.obj
 .bss._usbd_dev
                0x200014a8       0x53 CMakeFiles/pico-keypad.dir/Pico/pico-sdk/lib/tinyusb/src/device/usbd.c.obj
 *fill*         0x200014fb        0x1 
 .bss._usbd_mutex
                0x200014fc        0x4 CMakeFiles/pico-keypad.dir/Pico/pico-sdk/lib/tinyusb/src/device/usbd.c.obj
 .bss._usbd_q   0x20001500        0x4 CMakeFiles/pico-keypad.dir/Pico/pico-sdk/lib/tinyusb/src/device/usbd.c.obj
 .bss._usbd_qdef_buf
                0x20001504       0xc0 CMakeFiles/pico-keypad.dir/Pico/pico-sdk/lib/tinyusb/src/device/usbd.c.obj
                0x20001504                _usbd_qdef_buf
 .bss.alarm_callbacks
                0x200015c4       0x10 CMakeFiles/pico-keypad.dir/Pico/pico-sdk/src/rp2_common/hardware_timer/timer.c.obj
 .bss.boot2_copyout
                0x200015d4      0x100 CMakeFiles/pico-keypad.dir/Pico/pico-sdk/src/rp2_common/hardware_flash/flash.c.obj
 .bss.chars_available_callback
                0x200016d4        0x4 CMakeFiles/pico-keypad.dir/Pico/pico-sdk/src/rp2_common/pico_stdio_usb/stdio_usb.c.obj
 .bss.chars_available_param
                0x200016d8        0x4 CMakeFiles/pico-keypad.dir/Pico/pico-sdk/src/rp2_common/pico_stdio_usb/stdio_usb.c.obj
 .bss.claimed   0x200016dc        0x4 CMakeFiles/pico-keypad.dir/Pico/pico-sdk/src/rp2_common/hardware_sync/sync.c.obj
 .bss.default_alarm_pool_entry_ids_high
                0x200016e0       0x10 CMakeFiles/pico-keypad.dir/Pico/pico-sdk/src/common/pico_time/time.c.obj
 .bss.default_alarm_pool_heap_nodes
                0x200016f0       0x30 CMakeFiles/pico-keypad.dir/Pico/pico-sdk/src/common/pico_time/time.c.obj
 .bss.drivers   0x20001720        0x4 CMakeFiles/pico-keypad.dir/Pico/pico-sdk/src/rp2_common/pico_stdio/stdio.c.obj
 .bss.e15_last_sof
                0x20001724        0x4 CMakeFiles/pico-keypad.dir/Pico/pico-sdk/lib/tinyusb/src/portable/raspberrypi/rp2040/rp2040_usb.c.obj
                0x20001724                e15_last_sof
 .bss.filter    0x20001728        0x4 CMakeFiles/pico-keypad.dir/Pico/pico-sdk/src/rp2_common/pico_stdio/stdio.c.obj
 .bss.hw_endpoints
                0x2000172c      0x400 CMakeFiles/pico-keypad.dir/Pico/pico-sdk/lib/tinyusb/src/portable/raspberrypi/rp2040/dcd_rp2040.c.obj
 .bss.lazy_vsnprintf
                0x20001b2c        0x4 CMakeFiles/pico-keypad.dir/Pico/pico-sdk/src/rp2_common/pico_printf/printf.c.obj
 .bss.next_buffer_ptr
                0x20001b30        0x4 CMakeFiles/pico-keypad.dir/Pico/pico-sdk/lib/tinyusb/src/portable/raspberrypi/rp2040/dcd_rp2040.c.obj
 .bss.pools     0x20001b34       0x10 CMakeFiles/pico-keypad.dir/Pico/pico-sdk/src/common/pico_time/time.c.obj
 .bss.retrieved_id
                0x20001b44        0x8 CMakeFiles/pico-keypad.dir/Pico/pico-sdk/src/rp2_common/pico_unique_id/unique_id.c.obj
 .bss.sf_clz_func
                0x20001b4c        0x4 CMakeFiles/pico-keypad.dir/Pico/pico-sdk/src/rp2_common/pico_double/double_init_rom.c.obj
                0x20001b4c                sf_clz_func
 .bss.sleep_notifier
                0x20001b50        0x4 CMakeFiles/pico-keypad.dir/Pico/pico-sdk/src/common/pico_time/time.c.obj
 .bss.target_hi
                0x20001b54       0x10 CMakeFiles/pico-keypad.dir/Pico/pico-sdk/src/rp2_common/hardware_timer/timer.c.obj
 .bss._app_driver_count
                0x20001b64        0x1 CMakeFiles/pico-keypad.dir/Pico/pico-sdk/lib/tinyusb/src/device/usbd.c.obj
 .bss._sof_enable
                0x20001b65        0x1 CMakeFiles/pico-keypad.dir/Pico/pico-sdk/lib/tinyusb/src/portable/raspberrypi/rp2040/dcd_rp2040.c.obj
 .bss.boot2_copyout_valid
                0x20001b66        0x1 CMakeFiles/pico-keypad.dir/Pico/pico-sdk/src/rp2_common/hardware_flash/flash.c.obj
 .bss.claimed   0x20001b67        0x1 CMakeFiles/pico-keypad.dir/Pico/pico-sdk/src/rp2_common/hardware_timer/timer.c.obj
 .bss.has_sent_macro.0
                0x20001b68        0x1 CMakeFiles/pico-keypad.dir/src/Keys/Keys.c.obj
 .bss.irq_hander_chain_free_slot_head
                0x20001b69        0x1 CMakeFiles/pico-keypad.dir/Pico/pico-sdk/src/rp2_common/hardware_irq/irq.c.obj
 .bss.timer_callbacks_pending
                0x20001b6a        0x1 CMakeFiles/pico-keypad.dir/Pico/pico-sdk/src/rp2_common/hardware_timer/timer.c.obj
 *(COMMON)
                0x20001b6c                        . = ALIGN (0x4)
 *fill*         0x20001b6b        0x1 
                0x20001b6c                        __bss_end__ = .

.heap           0x20001b6c      0x800
                0x20001b6c                        __end__ = .
                0x20001b6c                        end = __end__
 *(.heap*)
 .heap          0x20001b6c      0x800 CMakeFiles/pico-keypad.dir/Pico/pico-sdk/src/rp2_common/pico_standard_link/crt0.S.obj
                0x2000236c                        __HeapLimit = .

.stack1_dummy   0x20040000      0x800
 *(.stack1*)
 .stack1        0x20040000      0x800 CMakeFiles/pico-keypad.dir/Pico/pico-sdk/src/rp2_common/pico_multicore/multicore.c.obj

.stack_dummy    0x20041000      0x800
 *(.stack*)
 .stack         0x20041000      0x800 CMakeFiles/pico-keypad.dir/Pico/pico-sdk/src/rp2_common/pico_standard_link/crt0.S.obj

.flash_end      0x10005890        0x0
                0x10005890                        PROVIDE (__flash_binary_end = .)
                0x20040000                        __StackLimit = (ORIGIN (RAM) + LENGTH (RAM))
                0x20041000                        __StackOneTop = (ORIGIN (SCRATCH_X) + LENGTH (SCRATCH_X))
                0x20042000                        __StackTop = (ORIGIN (SCRATCH_Y) + LENGTH (SCRATCH_Y))
                0x20040800                        __StackOneBottom = (__StackOneTop - SIZEOF (.stack1_dummy))
                0x20041800                        __StackBottom = (__StackTop - SIZEOF (.stack_dummy))
                0x20042000                        PROVIDE (__stack = __StackTop)
                0x00000001                        ASSERT ((__StackLimit >= __HeapLimit), region RAM overflowed)
                0x00000001                        ASSERT (((__binary_info_header_end - __logical_binary_start) <= 0x100), Binary info must be in first 256 bytes of the binary)
LOAD CMakeFiles/pico-keypad.dir/src/pico-keypad.c.obj
LOAD CMakeFiles/pico-keypad.dir/src/lib/tinyusb/usb_descriptors.c.obj
LOAD CMakeFiles/pico-keypad.dir/src/Keys/Keys.c.obj
LOAD CMakeFiles/pico-keypad.dir/Pico/pico-sdk/src/rp2_common/pico_stdlib/stdlib.c.obj
LOAD CMakeFiles/pico-keypad.dir/Pico/pico-sdk/src/rp2_common/hardware_gpio/gpio.c.obj
LOAD CMakeFiles/pico-keypad.dir/Pico/pico-sdk/src/rp2_common/pico_platform/platform.c.obj
LOAD CMakeFiles/pico-keypad.dir/Pico/pico-sdk/src/rp2_common/hardware_claim/claim.c.obj
LOAD CMakeFiles/pico-keypad.dir/Pico/pico-sdk/src/rp2_common/hardware_sync/sync.c.obj
LOAD CMakeFiles/pico-keypad.dir/Pico/pico-sdk/src/rp2_common/hardware_irq/irq.c.obj
LOAD CMakeFiles/pico-keypad.dir/Pico/pico-sdk/src/rp2_common/hardware_irq/irq_handler_chain.S.obj
LOAD CMakeFiles/pico-keypad.dir/Pico/pico-sdk/src/common/pico_sync/sem.c.obj
LOAD CMakeFiles/pico-keypad.dir/Pico/pico-sdk/src/common/pico_sync/lock_core.c.obj
LOAD CMakeFiles/pico-keypad.dir/Pico/pico-sdk/src/common/pico_sync/mutex.c.obj
LOAD CMakeFiles/pico-keypad.dir/Pico/pico-sdk/src/common/pico_sync/critical_section.c.obj
LOAD CMakeFiles/pico-keypad.dir/Pico/pico-sdk/src/common/pico_time/time.c.obj
LOAD CMakeFiles/pico-keypad.dir/Pico/pico-sdk/src/common/pico_time/timeout_helper.c.obj
LOAD CMakeFiles/pico-keypad.dir/Pico/pico-sdk/src/rp2_common/hardware_timer/timer.c.obj
LOAD CMakeFiles/pico-keypad.dir/Pico/pico-sdk/src/common/pico_util/datetime.c.obj
LOAD CMakeFiles/pico-keypad.dir/Pico/pico-sdk/src/common/pico_util/pheap.c.obj
LOAD CMakeFiles/pico-keypad.dir/Pico/pico-sdk/src/common/pico_util/queue.c.obj
LOAD CMakeFiles/pico-keypad.dir/Pico/pico-sdk/src/rp2_common/hardware_uart/uart.c.obj
LOAD CMakeFiles/pico-keypad.dir/Pico/pico-sdk/src/rp2_common/hardware_clocks/clocks.c.obj
LOAD CMakeFiles/pico-keypad.dir/Pico/pico-sdk/src/rp2_common/hardware_pll/pll.c.obj
LOAD CMakeFiles/pico-keypad.dir/Pico/pico-sdk/src/rp2_common/hardware_vreg/vreg.c.obj
LOAD CMakeFiles/pico-keypad.dir/Pico/pico-sdk/src/rp2_common/hardware_watchdog/watchdog.c.obj
LOAD CMakeFiles/pico-keypad.dir/Pico/pico-sdk/src/rp2_common/hardware_xosc/xosc.c.obj
LOAD CMakeFiles/pico-keypad.dir/Pico/pico-sdk/src/rp2_common/hardware_divider/divider.S.obj
LOAD CMakeFiles/pico-keypad.dir/Pico/pico-sdk/src/rp2_common/pico_runtime/runtime.c.obj
LOAD CMakeFiles/pico-keypad.dir/Pico/pico-sdk/src/rp2_common/pico_printf/printf.c.obj
LOAD CMakeFiles/pico-keypad.dir/Pico/pico-sdk/src/rp2_common/pico_bit_ops/bit_ops_aeabi.S.obj
LOAD CMakeFiles/pico-keypad.dir/Pico/pico-sdk/src/rp2_common/pico_bootrom/bootrom.c.obj
LOAD CMakeFiles/pico-keypad.dir/Pico/pico-sdk/src/rp2_common/pico_divider/divider.S.obj
LOAD CMakeFiles/pico-keypad.dir/Pico/pico-sdk/src/rp2_common/pico_double/double_aeabi.S.obj
LOAD CMakeFiles/pico-keypad.dir/Pico/pico-sdk/src/rp2_common/pico_double/double_init_rom.c.obj
LOAD CMakeFiles/pico-keypad.dir/Pico/pico-sdk/src/rp2_common/pico_double/double_math.c.obj
LOAD CMakeFiles/pico-keypad.dir/Pico/pico-sdk/src/rp2_common/pico_double/double_v1_rom_shim.S.obj
LOAD CMakeFiles/pico-keypad.dir/Pico/pico-sdk/src/rp2_common/pico_int64_ops/pico_int64_ops_aeabi.S.obj
LOAD CMakeFiles/pico-keypad.dir/Pico/pico-sdk/src/rp2_common/pico_float/float_aeabi.S.obj
LOAD CMakeFiles/pico-keypad.dir/Pico/pico-sdk/src/rp2_common/pico_float/float_init_rom.c.obj
LOAD CMakeFiles/pico-keypad.dir/Pico/pico-sdk/src/rp2_common/pico_float/float_math.c.obj
LOAD CMakeFiles/pico-keypad.dir/Pico/pico-sdk/src/rp2_common/pico_float/float_v1_rom_shim.S.obj
LOAD CMakeFiles/pico-keypad.dir/Pico/pico-sdk/src/rp2_common/pico_malloc/pico_malloc.c.obj
LOAD CMakeFiles/pico-keypad.dir/Pico/pico-sdk/src/rp2_common/pico_mem_ops/mem_ops_aeabi.S.obj
LOAD CMakeFiles/pico-keypad.dir/Pico/pico-sdk/src/rp2_common/pico_standard_link/crt0.S.obj
LOAD CMakeFiles/pico-keypad.dir/Pico/pico-sdk/src/rp2_common/pico_standard_link/new_delete.cpp.obj
LOAD CMakeFiles/pico-keypad.dir/Pico/pico-sdk/src/rp2_common/pico_standard_link/binary_info.c.obj
LOAD CMakeFiles/pico-keypad.dir/Pico/pico-sdk/src/rp2_common/pico_stdio/stdio.c.obj
LOAD CMakeFiles/pico-keypad.dir/Pico/pico-sdk/src/rp2_common/pico_stdio_uart/stdio_uart.c.obj
LOAD CMakeFiles/pico-keypad.dir/Pico/pico-sdk/src/rp2_common/pico_stdio_usb/reset_interface.c.obj
LOAD CMakeFiles/pico-keypad.dir/Pico/pico-sdk/src/rp2_common/pico_stdio_usb/stdio_usb.c.obj
LOAD CMakeFiles/pico-keypad.dir/Pico/pico-sdk/src/rp2_common/pico_stdio_usb/stdio_usb_descriptors.c.obj
LOAD CMakeFiles/pico-keypad.dir/Pico/pico-sdk/src/rp2_common/pico_unique_id/unique_id.c.obj
LOAD CMakeFiles/pico-keypad.dir/Pico/pico-sdk/src/rp2_common/hardware_flash/flash.c.obj
LOAD CMakeFiles/pico-keypad.dir/Pico/pico-sdk/lib/tinyusb/src/portable/raspberrypi/rp2040/dcd_rp2040.c.obj
LOAD CMakeFiles/pico-keypad.dir/Pico/pico-sdk/lib/tinyusb/src/portable/raspberrypi/rp2040/rp2040_usb.c.obj
LOAD CMakeFiles/pico-keypad.dir/Pico/pico-sdk/lib/tinyusb/src/device/usbd.c.obj
LOAD CMakeFiles/pico-keypad.dir/Pico/pico-sdk/lib/tinyusb/src/device/usbd_control.c.obj
LOAD CMakeFiles/pico-keypad.dir/Pico/pico-sdk/lib/tinyusb/src/class/audio/audio_device.c.obj
LOAD CMakeFiles/pico-keypad.dir/Pico/pico-sdk/lib/tinyusb/src/class/cdc/cdc_device.c.obj
LOAD CMakeFiles/pico-keypad.dir/Pico/pico-sdk/lib/tinyusb/src/class/dfu/dfu_device.c.obj
LOAD CMakeFiles/pico-keypad.dir/Pico/pico-sdk/lib/tinyusb/src/class/dfu/dfu_rt_device.c.obj
LOAD CMakeFiles/pico-keypad.dir/Pico/pico-sdk/lib/tinyusb/src/class/hid/hid_device.c.obj
LOAD CMakeFiles/pico-keypad.dir/Pico/pico-sdk/lib/tinyusb/src/class/midi/midi_device.c.obj
LOAD CMakeFiles/pico-keypad.dir/Pico/pico-sdk/lib/tinyusb/src/class/msc/msc_device.c.obj
LOAD CMakeFiles/pico-keypad.dir/Pico/pico-sdk/lib/tinyusb/src/class/net/ecm_rndis_device.c.obj
LOAD CMakeFiles/pico-keypad.dir/Pico/pico-sdk/lib/tinyusb/src/class/net/ncm_device.c.obj
LOAD CMakeFiles/pico-keypad.dir/Pico/pico-sdk/lib/tinyusb/src/class/usbtmc/usbtmc_device.c.obj
LOAD CMakeFiles/pico-keypad.dir/Pico/pico-sdk/lib/tinyusb/src/class/vendor/vendor_device.c.obj
LOAD CMakeFiles/pico-keypad.dir/Pico/pico-sdk/lib/tinyusb/src/class/video/video_device.c.obj
LOAD CMakeFiles/pico-keypad.dir/Pico/pico-sdk/lib/tinyusb/src/tusb.c.obj
LOAD CMakeFiles/pico-keypad.dir/Pico/pico-sdk/lib/tinyusb/src/common/tusb_fifo.c.obj
LOAD CMakeFiles/pico-keypad.dir/Pico/pico-sdk/src/rp2_common/pico_fix/rp2040_usb_device_enumeration/rp2040_usb_device_enumeration.c.obj
LOAD CMakeFiles/pico-keypad.dir/Pico/pico-sdk/src/rp2_common/pico_multicore/multicore.c.obj
LOAD CMakeFiles/pico-keypad.dir/Pico/pico-sdk/src/rp2_common/hardware_pio/pio.c.obj
LOAD CMakeFiles/pico-keypad.dir/Pico/pico-sdk/src/rp2_common/hardware_adc/adc.c.obj
LOAD CMakeFiles/pico-keypad.dir/Pico/pico-sdk/lib/tinyusb/hw/bsp/rp2040/family.c.obj
LOAD /tmp/cc065V63.o
LOAD /usr/lib/gcc/arm-none-eabi/12.2.1/../../../arm-none-eabi/lib/thumb/v6-m/nofp/libstdc++.a
LOAD /usr/lib/gcc/arm-none-eabi/12.2.1/../../../arm-none-eabi/lib/thumb/v6-m/nofp/libm.a
START GROUP
LOAD /usr/lib/gcc/arm-none-eabi/12.2.1/thumb/v6-m/nofp/libgcc.a
LOAD /usr/lib/gcc/arm-none-eabi/12.2.1/../../../arm-none-eabi/lib/thumb/v6-m/nofp/libc.a
END GROUP
START GROUP
LOAD /usr/lib/gcc/arm-none-eabi/12.2.1/thumb/v6-m/nofp/libgcc.a
LOAD /usr/lib/gcc/arm-none-eabi/12.2.1/../../../arm-none-eabi/lib/thumb/v6-m/nofp/libc.a
LOAD /usr/lib/gcc/arm-none-eabi/12.2.1/../../../arm-none-eabi/lib/thumb/v6-m/nofp/libnosys.a
END GROUP
LOAD /usr/lib/gcc/arm-none-eabi/12.2.1/thumb/v6-m/nofp/crtend.o
LOAD /usr/lib/gcc/arm-none-eabi/12.2.1/thumb/v6-m/nofp/crtn.o
OUTPUT(pico-keypad.elf elf32-littlearm)
LOAD linker stubs

.ARM.attributes
                0x00000000       0x28
 .ARM.attributes
                0x00000000       0x1e /usr/lib/gcc/arm-none-eabi/12.2.1/thumb/v6-m/nofp/crti.o
 .ARM.attributes
                0x0000001e       0x2c /usr/lib/gcc/arm-none-eabi/12.2.1/thumb/v6-m/nofp/crtbegin.o
 .ARM.attributes
                0x0000004a       0x2c CMakeFiles/pico-keypad.dir/src/pico-keypad.c.obj
 .ARM.attributes
                0x00000076       0x2c CMakeFiles/pico-keypad.dir/src/lib/tinyusb/usb_descriptors.c.obj
 .ARM.attributes
                0x000000a2       0x2c CMakeFiles/pico-keypad.dir/src/Keys/Keys.c.obj
 .ARM.attributes
                0x000000ce       0x2c CMakeFiles/pico-keypad.dir/Pico/pico-sdk/src/rp2_common/hardware_gpio/gpio.c.obj
 .ARM.attributes
                0x000000fa       0x2c CMakeFiles/pico-keypad.dir/Pico/pico-sdk/src/rp2_common/pico_platform/platform.c.obj
 .ARM.attributes
                0x00000126       0x2c CMakeFiles/pico-keypad.dir/Pico/pico-sdk/src/rp2_common/hardware_claim/claim.c.obj
 .ARM.attributes
                0x00000152       0x2c CMakeFiles/pico-keypad.dir/Pico/pico-sdk/src/rp2_common/hardware_sync/sync.c.obj
 .ARM.attributes
                0x0000017e       0x2c CMakeFiles/pico-keypad.dir/Pico/pico-sdk/src/rp2_common/hardware_irq/irq.c.obj
 .ARM.attributes
                0x000001aa       0x22 CMakeFiles/pico-keypad.dir/Pico/pico-sdk/src/rp2_common/hardware_irq/irq_handler_chain.S.obj
 .ARM.attributes
                0x000001cc       0x2c CMakeFiles/pico-keypad.dir/Pico/pico-sdk/src/common/pico_sync/lock_core.c.obj
 .ARM.attributes
                0x000001f8       0x2c CMakeFiles/pico-keypad.dir/Pico/pico-sdk/src/common/pico_sync/mutex.c.obj
 .ARM.attributes
                0x00000224       0x2c CMakeFiles/pico-keypad.dir/Pico/pico-sdk/src/common/pico_sync/critical_section.c.obj
 .ARM.attributes
                0x00000250       0x2c CMakeFiles/pico-keypad.dir/Pico/pico-sdk/src/common/pico_time/time.c.obj
 .ARM.attributes
                0x0000027c       0x2c CMakeFiles/pico-keypad.dir/Pico/pico-sdk/src/rp2_common/hardware_timer/timer.c.obj
 .ARM.attributes
                0x000002a8       0x2c CMakeFiles/pico-keypad.dir/Pico/pico-sdk/src/common/pico_util/pheap.c.obj
 .ARM.attributes
                0x000002d4       0x2c CMakeFiles/pico-keypad.dir/Pico/pico-sdk/src/rp2_common/hardware_clocks/clocks.c.obj
 .ARM.attributes
                0x00000300       0x2c CMakeFiles/pico-keypad.dir/Pico/pico-sdk/src/rp2_common/hardware_pll/pll.c.obj
 .ARM.attributes
                0x0000032c       0x2c CMakeFiles/pico-keypad.dir/Pico/pico-sdk/src/rp2_common/hardware_watchdog/watchdog.c.obj
 .ARM.attributes
                0x00000358       0x2c CMakeFiles/pico-keypad.dir/Pico/pico-sdk/src/rp2_common/hardware_xosc/xosc.c.obj
 .ARM.attributes
                0x00000384       0x2c CMakeFiles/pico-keypad.dir/Pico/pico-sdk/src/rp2_common/pico_runtime/runtime.c.obj
 .ARM.attributes
                0x000003b0       0x2c CMakeFiles/pico-keypad.dir/Pico/pico-sdk/src/rp2_common/pico_printf/printf.c.obj
 .ARM.attributes
                0x000003dc       0x22 CMakeFiles/pico-keypad.dir/Pico/pico-sdk/src/rp2_common/pico_bit_ops/bit_ops_aeabi.S.obj
 .ARM.attributes
                0x000003fe       0x2c CMakeFiles/pico-keypad.dir/Pico/pico-sdk/src/rp2_common/pico_bootrom/bootrom.c.obj
 .ARM.attributes
                0x0000042a       0x22 CMakeFiles/pico-keypad.dir/Pico/pico-sdk/src/rp2_common/pico_divider/divider.S.obj
 .ARM.attributes
                0x0000044c       0x22 CMakeFiles/pico-keypad.dir/Pico/pico-sdk/src/rp2_common/pico_double/double_aeabi.S.obj
 .ARM.attributes
                0x0000046e       0x2c CMakeFiles/pico-keypad.dir/Pico/pico-sdk/src/rp2_common/pico_double/double_init_rom.c.obj
 .ARM.attributes
                0x0000049a       0x22 CMakeFiles/pico-keypad.dir/Pico/pico-sdk/src/rp2_common/pico_double/double_v1_rom_shim.S.obj
 .ARM.attributes
                0x000004bc       0x22 CMakeFiles/pico-keypad.dir/Pico/pico-sdk/src/rp2_common/pico_int64_ops/pico_int64_ops_aeabi.S.obj
 .ARM.attributes
                0x000004de       0x22 CMakeFiles/pico-keypad.dir/Pico/pico-sdk/src/rp2_common/pico_float/float_aeabi.S.obj
 .ARM.attributes
                0x00000500       0x2c CMakeFiles/pico-keypad.dir/Pico/pico-sdk/src/rp2_common/pico_float/float_init_rom.c.obj
 .ARM.attributes
                0x0000052c       0x22 CMakeFiles/pico-keypad.dir/Pico/pico-sdk/src/rp2_common/pico_float/float_v1_rom_shim.S.obj
 .ARM.attributes
                0x0000054e       0x2c CMakeFiles/pico-keypad.dir/Pico/pico-sdk/src/rp2_common/pico_malloc/pico_malloc.c.obj
 .ARM.attributes
                0x0000057a       0x22 CMakeFiles/pico-keypad.dir/Pico/pico-sdk/src/rp2_common/pico_mem_ops/mem_ops_aeabi.S.obj
 .ARM.attributes
                0x0000059c       0x22 CMakeFiles/pico-keypad.dir/Pico/pico-sdk/src/rp2_common/pico_standard_link/crt0.S.obj
 .ARM.attributes
                0x000005be       0x2c CMakeFiles/pico-keypad.dir/Pico/pico-sdk/src/rp2_common/pico_standard_link/binary_info.c.obj
 .ARM.attributes
                0x000005ea       0x2c CMakeFiles/pico-keypad.dir/Pico/pico-sdk/src/rp2_common/pico_stdio/stdio.c.obj
 .ARM.attributes
                0x00000616       0x2c CMakeFiles/pico-keypad.dir/Pico/pico-sdk/src/rp2_common/pico_stdio_usb/stdio_usb.c.obj
 .ARM.attributes
                0x00000642       0x2c CMakeFiles/pico-keypad.dir/Pico/pico-sdk/src/rp2_common/pico_unique_id/unique_id.c.obj
 .ARM.attributes
                0x0000066e       0x2c CMakeFiles/pico-keypad.dir/Pico/pico-sdk/src/rp2_common/hardware_flash/flash.c.obj
 .ARM.attributes
                0x0000069a       0x2c CMakeFiles/pico-keypad.dir/Pico/pico-sdk/lib/tinyusb/src/portable/raspberrypi/rp2040/dcd_rp2040.c.obj
 .ARM.attributes
                0x000006c6       0x2c CMakeFiles/pico-keypad.dir/Pico/pico-sdk/lib/tinyusb/src/portable/raspberrypi/rp2040/rp2040_usb.c.obj
 .ARM.attributes
                0x000006f2       0x2c CMakeFiles/pico-keypad.dir/Pico/pico-sdk/lib/tinyusb/src/device/usbd.c.obj
 .ARM.attributes
                0x0000071e       0x2c CMakeFiles/pico-keypad.dir/Pico/pico-sdk/lib/tinyusb/src/device/usbd_control.c.obj
 .ARM.attributes
                0x0000074a       0x2c CMakeFiles/pico-keypad.dir/Pico/pico-sdk/lib/tinyusb/src/class/cdc/cdc_device.c.obj
 .ARM.attributes
                0x00000776       0x2c CMakeFiles/pico-keypad.dir/Pico/pico-sdk/lib/tinyusb/src/class/hid/hid_device.c.obj
 .ARM.attributes
                0x000007a2       0x2c CMakeFiles/pico-keypad.dir/Pico/pico-sdk/lib/tinyusb/src/tusb.c.obj
 .ARM.attributes
                0x000007ce       0x2c CMakeFiles/pico-keypad.dir/Pico/pico-sdk/lib/tinyusb/src/common/tusb_fifo.c.obj
 .ARM.attributes
                0x000007fa       0x2c CMakeFiles/pico-keypad.dir/Pico/pico-sdk/src/rp2_common/pico_multicore/multicore.c.obj
 .ARM.attributes
                0x00000826       0x2c CMakeFiles/pico-keypad.dir/Pico/pico-sdk/lib/tinyusb/hw/bsp/rp2040/family.c.obj
 .ARM.attributes
                0x00000852       0x22 /tmp/cc065V63.o
 .ARM.attributes
                0x00000874       0x1e /usr/lib/gcc/arm-none-eabi/12.2.1/thumb/v6-m/nofp/libgcc.a(_dvmd_tls.o)
 .ARM.attributes
                0x00000892       0x2c /usr/lib/gcc/arm-none-eabi/12.2.1/../../../arm-none-eabi/lib/thumb/v6-m/nofp/libc.a(lib_a-strlen-stub.o)
 .ARM.attributes
                0x000008be       0x2c /usr/lib/gcc/arm-none-eabi/12.2.1/thumb/v6-m/nofp/crtend.o

.comment        0x00000000       0x59
 .comment       0x00000000       0x26 /usr/lib/gcc/arm-none-eabi/12.2.1/thumb/v6-m/nofp/crtbegin.o
                                 0x27 (size before relaxing)
 .comment       0x00000026       0x27 CMakeFiles/pico-keypad.dir/src/pico-keypad.c.obj
 .comment       0x00000026       0x27 CMakeFiles/pico-keypad.dir/src/lib/tinyusb/usb_descriptors.c.obj
 .comment       0x00000026       0x27 CMakeFiles/pico-keypad.dir/src/Keys/Keys.c.obj
 .comment       0x00000026       0x27 CMakeFiles/pico-keypad.dir/Pico/pico-sdk/src/rp2_common/hardware_gpio/gpio.c.obj
 .comment       0x00000026       0x27 CMakeFiles/pico-keypad.dir/Pico/pico-sdk/src/rp2_common/pico_platform/platform.c.obj
 .comment       0x00000026       0x27 CMakeFiles/pico-keypad.dir/Pico/pico-sdk/src/rp2_common/hardware_claim/claim.c.obj
 .comment       0x00000026       0x27 CMakeFiles/pico-keypad.dir/Pico/pico-sdk/src/rp2_common/hardware_sync/sync.c.obj
 .comment       0x00000026       0x27 CMakeFiles/pico-keypad.dir/Pico/pico-sdk/src/rp2_common/hardware_irq/irq.c.obj
 .comment       0x00000026       0x27 CMakeFiles/pico-keypad.dir/Pico/pico-sdk/src/common/pico_sync/lock_core.c.obj
 .comment       0x00000026       0x27 CMakeFiles/pico-keypad.dir/Pico/pico-sdk/src/common/pico_sync/mutex.c.obj
 .comment       0x00000026       0x27 CMakeFiles/pico-keypad.dir/Pico/pico-sdk/src/common/pico_sync/critical_section.c.obj
 .comment       0x00000026       0x27 CMakeFiles/pico-keypad.dir/Pico/pico-sdk/src/common/pico_time/time.c.obj
 .comment       0x00000026       0x27 CMakeFiles/pico-keypad.dir/Pico/pico-sdk/src/rp2_common/hardware_timer/timer.c.obj
 .comment       0x00000026       0x27 CMakeFiles/pico-keypad.dir/Pico/pico-sdk/src/common/pico_util/pheap.c.obj
 .comment       0x00000026       0x27 CMakeFiles/pico-keypad.dir/Pico/pico-sdk/src/rp2_common/hardware_clocks/clocks.c.obj
 .comment       0x00000026       0x27 CMakeFiles/pico-keypad.dir/Pico/pico-sdk/src/rp2_common/hardware_pll/pll.c.obj
 .comment       0x00000026       0x27 CMakeFiles/pico-keypad.dir/Pico/pico-sdk/src/rp2_common/hardware_watchdog/watchdog.c.obj
 .comment       0x00000026       0x27 CMakeFiles/pico-keypad.dir/Pico/pico-sdk/src/rp2_common/hardware_xosc/xosc.c.obj
 .comment       0x00000026       0x27 CMakeFiles/pico-keypad.dir/Pico/pico-sdk/src/rp2_common/pico_runtime/runtime.c.obj
 .comment       0x00000026       0x27 CMakeFiles/pico-keypad.dir/Pico/pico-sdk/src/rp2_common/pico_printf/printf.c.obj
 .comment       0x00000026       0x27 CMakeFiles/pico-keypad.dir/Pico/pico-sdk/src/rp2_common/pico_bootrom/bootrom.c.obj
 .comment       0x00000026       0x27 CMakeFiles/pico-keypad.dir/Pico/pico-sdk/src/rp2_common/pico_double/double_init_rom.c.obj
 .comment       0x00000026       0x27 CMakeFiles/pico-keypad.dir/Pico/pico-sdk/src/rp2_common/pico_float/float_init_rom.c.obj
 .comment       0x00000026       0x27 CMakeFiles/pico-keypad.dir/Pico/pico-sdk/src/rp2_common/pico_malloc/pico_malloc.c.obj
 .comment       0x00000026       0x27 CMakeFiles/pico-keypad.dir/Pico/pico-sdk/src/rp2_common/pico_standard_link/binary_info.c.obj
 .comment       0x00000026       0x27 CMakeFiles/pico-keypad.dir/Pico/pico-sdk/src/rp2_common/pico_stdio/stdio.c.obj
 .comment       0x00000026       0x27 CMakeFiles/pico-keypad.dir/Pico/pico-sdk/src/rp2_common/pico_stdio_usb/stdio_usb.c.obj
 .comment       0x00000026       0x27 CMakeFiles/pico-keypad.dir/Pico/pico-sdk/src/rp2_common/pico_unique_id/unique_id.c.obj
 .comment       0x00000026       0x27 CMakeFiles/pico-keypad.dir/Pico/pico-sdk/src/rp2_common/hardware_flash/flash.c.obj
 .comment       0x00000026       0x27 CMakeFiles/pico-keypad.dir/Pico/pico-sdk/lib/tinyusb/src/portable/raspberrypi/rp2040/dcd_rp2040.c.obj
 .comment       0x00000026       0x27 CMakeFiles/pico-keypad.dir/Pico/pico-sdk/lib/tinyusb/src/portable/raspberrypi/rp2040/rp2040_usb.c.obj
 .comment       0x00000026       0x27 CMakeFiles/pico-keypad.dir/Pico/pico-sdk/lib/tinyusb/src/device/usbd.c.obj
 .comment       0x00000026       0x27 CMakeFiles/pico-keypad.dir/Pico/pico-sdk/lib/tinyusb/src/device/usbd_control.c.obj
 .comment       0x00000026       0x27 CMakeFiles/pico-keypad.dir/Pico/pico-sdk/lib/tinyusb/src/class/cdc/cdc_device.c.obj
 .comment       0x00000026       0x27 CMakeFiles/pico-keypad.dir/Pico/pico-sdk/lib/tinyusb/src/class/hid/hid_device.c.obj
 .comment       0x00000026       0x27 CMakeFiles/pico-keypad.dir/Pico/pico-sdk/lib/tinyusb/src/tusb.c.obj
 .comment       0x00000026       0x27 CMakeFiles/pico-keypad.dir/Pico/pico-sdk/lib/tinyusb/src/common/tusb_fifo.c.obj
 .comment       0x00000026       0x27 CMakeFiles/pico-keypad.dir/Pico/pico-sdk/src/rp2_common/pico_multicore/multicore.c.obj
 .comment       0x00000026       0x27 CMakeFiles/pico-keypad.dir/Pico/pico-sdk/lib/tinyusb/hw/bsp/rp2040/family.c.obj
 .comment       0x00000026       0x33 /usr/lib/gcc/arm-none-eabi/12.2.1/../../../arm-none-eabi/lib/thumb/v6-m/nofp/libc.a(lib_a-strlen-stub.o)
                                 0x34 (size before relaxing)
 .comment       0x00000059       0x27 /usr/lib/gcc/arm-none-eabi/12.2.1/thumb/v6-m/nofp/crtend.o

.debug_line     0x00000000      0x1bc
 .debug_line    0x00000000       0x4a /usr/lib/gcc/arm-none-eabi/12.2.1/thumb/v6-m/nofp/libgcc.a(_dvmd_tls.o)
 .debug_line    0x0000004a      0x172 /usr/lib/gcc/arm-none-eabi/12.2.1/../../../arm-none-eabi/lib/thumb/v6-m/nofp/libc.a(lib_a-strlen-stub.o)

.debug_line_str
                0x00000000       0x97
 .debug_line_str
                0x00000000       0x97 /usr/lib/gcc/arm-none-eabi/12.2.1/thumb/v6-m/nofp/libgcc.a(_dvmd_tls.o)

.debug_info     0x00000000      0x127
 .debug_info    0x00000000       0x39 /usr/lib/gcc/arm-none-eabi/12.2.1/thumb/v6-m/nofp/libgcc.a(_dvmd_tls.o)
 .debug_info    0x00000039       0xee /usr/lib/gcc/arm-none-eabi/12.2.1/../../../arm-none-eabi/lib/thumb/v6-m/nofp/libc.a(lib_a-strlen-stub.o)

.debug_abbrev   0x00000000       0xae
 .debug_abbrev  0x00000000       0x1f /usr/lib/gcc/arm-none-eabi/12.2.1/thumb/v6-m/nofp/libgcc.a(_dvmd_tls.o)
 .debug_abbrev  0x0000001f       0x8f /usr/lib/gcc/arm-none-eabi/12.2.1/../../../arm-none-eabi/lib/thumb/v6-m/nofp/libc.a(lib_a-strlen-stub.o)

.debug_aranges  0x00000000       0x40
 .debug_aranges
                0x00000000       0x20 /usr/lib/gcc/arm-none-eabi/12.2.1/thumb/v6-m/nofp/libgcc.a(_dvmd_tls.o)
 .debug_aranges
                0x00000020       0x20 /usr/lib/gcc/arm-none-eabi/12.2.1/../../../arm-none-eabi/lib/thumb/v6-m/nofp/libc.a(lib_a-strlen-stub.o)

.debug_str      0x00000000      0x24b
 .debug_str     0x00000000       0xbf /usr/lib/gcc/arm-none-eabi/12.2.1/thumb/v6-m/nofp/libgcc.a(_dvmd_tls.o)
 .debug_str     0x000000bf      0x18c /usr/lib/gcc/arm-none-eabi/12.2.1/../../../arm-none-eabi/lib/thumb/v6-m/nofp/libc.a(lib_a-strlen-stub.o)
                                0x1c5 (size before relaxing)

.debug_loc      0x00000000       0x90
 .debug_loc     0x00000000       0x90 /usr/lib/gcc/arm-none-eabi/12.2.1/../../../arm-none-eabi/lib/thumb/v6-m/nofp/libc.a(lib_a-strlen-stub.o)

.debug_frame    0x00000000       0x28
 .debug_frame   0x00000000       0x28 /usr/lib/gcc/arm-none-eabi/12.2.1/../../../arm-none-eabi/lib/thumb/v6-m/nofp/libc.a(lib_a-strlen-stub.o)
